2016.09.15 11:12 B E:\MANICKAM\server\manickam\manickam\siteadmin_assets\js\plugins\nvd3\src\core.js --> 49.50.71.212 /www.eclinix.in/wwwroot/siteadmin_assets/js/plugins/nvd3/src core.js
2016.09.15 11:12 B E:\MANICKAM\server\manickam\manickam\siteadmin_assets\js\plugins\nvd3\src\interactiveLayer.js --> 49.50.71.212 /www.eclinix.in/wwwroot/siteadmin_assets/js/plugins/nvd3/src interactiveLayer.js
2016.09.15 11:12 B E:\MANICKAM\server\manickam\manickam\siteadmin_assets\js\plugins\nvd3\src\intro.js --> 49.50.71.212 /www.eclinix.in/wwwroot/siteadmin_assets/js/plugins/nvd3/src intro.js
2016.09.15 11:12 B E:\MANICKAM\server\manickam\manickam\siteadmin_assets\js\plugins\nvd3\src\outro.js --> 49.50.71.212 /www.eclinix.in/wwwroot/siteadmin_assets/js/plugins/nvd3/src outro.js
2016.09.15 11:12 B E:\MANICKAM\server\manickam\manickam\siteadmin_assets\js\plugins\nvd3\src\tooltip.js --> 49.50.71.212 /www.eclinix.in/wwwroot/siteadmin_assets/js/plugins/nvd3/src tooltip.js
2016.09.15 11:12 B E:\MANICKAM\server\manickam\manickam\siteadmin_assets\js\plugins\nvd3\src\utils.js --> 49.50.71.212 /www.eclinix.in/wwwroot/siteadmin_assets/js/plugins/nvd3/src utils.js
2016.12.21 14:59 B D:\Raj\Projects\DentalClinick Main\DentalClinic\DentalClinic\siteadmin_assets\js\plugins\nvd3\src\core.js --> web-13.znetlive.in /MusicSite/siteadmin_assets/js/plugins/nvd3/src core.js
2016.12.21 14:59 B D:\Raj\Projects\DentalClinick Main\DentalClinic\DentalClinic\siteadmin_assets\js\plugins\nvd3\src\interactiveLayer.js --> web-13.znetlive.in /MusicSite/siteadmin_assets/js/plugins/nvd3/src interactiveLayer.js
2016.12.21 14:59 B D:\Raj\Projects\DentalClinick Main\DentalClinic\DentalClinic\siteadmin_assets\js\plugins\nvd3\src\intro.js --> web-13.znetlive.in /MusicSite/siteadmin_assets/js/plugins/nvd3/src intro.js
2016.12.21 14:59 B D:\Raj\Projects\DentalClinick Main\DentalClinic\DentalClinic\siteadmin_assets\js\plugins\nvd3\src\outro.js --> web-13.znetlive.in /MusicSite/siteadmin_assets/js/plugins/nvd3/src outro.js
2016.12.21 15:00 B D:\Raj\Projects\DentalClinick Main\DentalClinic\DentalClinic\siteadmin_assets\js\plugins\nvd3\src\tooltip.js --> web-13.znetlive.in /MusicSite/siteadmin_assets/js/plugins/nvd3/src tooltip.js
2016.12.21 15:00 B D:\Raj\Projects\DentalClinick Main\DentalClinic\DentalClinic\siteadmin_assets\js\plugins\nvd3\src\utils.js --> web-13.znetlive.in /MusicSite/siteadmin_assets/js/plugins/nvd3/src utils.js
2016.12.21 15:00 B D:\Raj\Projects\DentalClinick Main\DentalClinic\DentalClinic\siteadmin_assets\js\plugins\nvd3\src\WS_FTP.LOG --> web-13.znetlive.in /MusicSite/siteadmin_assets/js/plugins/nvd3/src WS_FTP.LOG
2017.07.25 17:56 B D:\Akshay\SparesWorldNew\SparesWorld\siteadmin_assets\js\plugins\nvd3\src\core.js --> web-13.znetlive.in /Sparesworld/siteadmin_assets/js/plugins/nvd3/src core.js
2017.07.25 17:56 B D:\Akshay\SparesWorldNew\SparesWorld\siteadmin_assets\js\plugins\nvd3\src\interactiveLayer.js --> web-13.znetlive.in /Sparesworld/siteadmin_assets/js/plugins/nvd3/src interactiveLayer.js
2017.07.25 17:56 B D:\Akshay\SparesWorldNew\SparesWorld\siteadmin_assets\js\plugins\nvd3\src\intro.js --> web-13.znetlive.in /Sparesworld/siteadmin_assets/js/plugins/nvd3/src intro.js
2017.07.25 17:56 B D:\Akshay\SparesWorldNew\SparesWorld\siteadmin_assets\js\plugins\nvd3\src\outro.js --> web-13.znetlive.in /Sparesworld/siteadmin_assets/js/plugins/nvd3/src outro.js
2017.07.25 17:56 B D:\Akshay\SparesWorldNew\SparesWorld\siteadmin_assets\js\plugins\nvd3\src\tooltip.js --> web-13.znetlive.in /Sparesworld/siteadmin_assets/js/plugins/nvd3/src tooltip.js
2017.07.25 17:56 B D:\Akshay\SparesWorldNew\SparesWorld\siteadmin_assets\js\plugins\nvd3\src\utils.js --> web-13.znetlive.in /Sparesworld/siteadmin_assets/js/plugins/nvd3/src utils.js
2017.07.25 17:56 B D:\Akshay\SparesWorldNew\SparesWorld\siteadmin_assets\js\plugins\nvd3\src\WS_FTP.LOG --> web-13.znetlive.in /Sparesworld/siteadmin_assets/js/plugins/nvd3/src WS_FTP.LOG
2019.09.20 13:12 B D:\sunil\Bebeirut\Bebeirut\siteadmin_assets\js\plugins\nvd3\src\core.js --> web-13.znetlive.in /uptindia/bebeirut.uptindia.com/wwwroot/siteadmin_assets/js/plugins/nvd3/src core.js
2019.09.20 13:12 B D:\sunil\Bebeirut\Bebeirut\siteadmin_assets\js\plugins\nvd3\src\interactiveLayer.js --> web-13.znetlive.in /uptindia/bebeirut.uptindia.com/wwwroot/siteadmin_assets/js/plugins/nvd3/src interactiveLayer.js
2019.09.20 13:12 B D:\sunil\Bebeirut\Bebeirut\siteadmin_assets\js\plugins\nvd3\src\intro.js --> web-13.znetlive.in /uptindia/bebeirut.uptindia.com/wwwroot/siteadmin_assets/js/plugins/nvd3/src intro.js
2019.09.20 13:12 B D:\sunil\Bebeirut\Bebeirut\siteadmin_assets\js\plugins\nvd3\src\outro.js --> web-13.znetlive.in /uptindia/bebeirut.uptindia.com/wwwroot/siteadmin_assets/js/plugins/nvd3/src outro.js
2019.09.20 13:12 B D:\sunil\Bebeirut\Bebeirut\siteadmin_assets\js\plugins\nvd3\src\tooltip.js --> web-13.znetlive.in /uptindia/bebeirut.uptindia.com/wwwroot/siteadmin_assets/js/plugins/nvd3/src tooltip.js
2019.09.20 13:12 B D:\sunil\Bebeirut\Bebeirut\siteadmin_assets\js\plugins\nvd3\src\utils.js --> web-13.znetlive.in /uptindia/bebeirut.uptindia.com/wwwroot/siteadmin_assets/js/plugins/nvd3/src utils.js
2019.09.20 13:12 B D:\sunil\Bebeirut\Bebeirut\siteadmin_assets\js\plugins\nvd3\src\WS_FTP.LOG --> web-13.znetlive.in /uptindia/bebeirut.uptindia.com/wwwroot/siteadmin_assets/js/plugins/nvd3/src WS_FTP.LOG
2020.01.13 17:33 B E:\Sunil\invention project\InventionReportApi\InventionReportApi\siteadmin_assets\js\plugins\nvd3\src\core.js --> web-13.znetlive.in /uptindia/admin.invention.uptindia.com/wwwroot/siteadmin_assets/js/plugins/nvd3/src core.js
2020.01.13 17:33 B E:\Sunil\invention project\InventionReportApi\InventionReportApi\siteadmin_assets\js\plugins\nvd3\src\interactiveLayer.js --> web-13.znetlive.in /uptindia/admin.invention.uptindia.com/wwwroot/siteadmin_assets/js/plugins/nvd3/src interactiveLayer.js
2020.01.13 17:33 B E:\Sunil\invention project\InventionReportApi\InventionReportApi\siteadmin_assets\js\plugins\nvd3\src\intro.js --> web-13.znetlive.in /uptindia/admin.invention.uptindia.com/wwwroot/siteadmin_assets/js/plugins/nvd3/src intro.js
2020.01.13 17:33 B E:\Sunil\invention project\InventionReportApi\InventionReportApi\siteadmin_assets\js\plugins\nvd3\src\outro.js --> web-13.znetlive.in /uptindia/admin.invention.uptindia.com/wwwroot/siteadmin_assets/js/plugins/nvd3/src outro.js
2020.01.13 17:33 B E:\Sunil\invention project\InventionReportApi\InventionReportApi\siteadmin_assets\js\plugins\nvd3\src\tooltip.js --> web-13.znetlive.in /uptindia/admin.invention.uptindia.com/wwwroot/siteadmin_assets/js/plugins/nvd3/src tooltip.js
2020.01.13 17:33 B E:\Sunil\invention project\InventionReportApi\InventionReportApi\siteadmin_assets\js\plugins\nvd3\src\utils.js --> web-13.znetlive.in /uptindia/admin.invention.uptindia.com/wwwroot/siteadmin_assets/js/plugins/nvd3/src utils.js
2020.01.13 17:33 B E:\Sunil\invention project\InventionReportApi\InventionReportApi\siteadmin_assets\js\plugins\nvd3\src\WS_FTP.LOG --> web-13.znetlive.in /uptindia/admin.invention.uptindia.com/wwwroot/siteadmin_assets/js/plugins/nvd3/src WS_FTP.LOG
