2016.09.15 10:52 B E:\MANICKAM\server\manickam\manickam\siteadmin_assets\js\plugins\bootstrap\bootstrap-colorpicker.js --> 49.50.71.212 /www.eclinix.in/wwwroot/siteadmin_assets/js/plugins/bootstrap bootstrap-colorpicker.js
2016.09.15 10:52 B E:\MANICKAM\server\manickam\manickam\siteadmin_assets\js\plugins\bootstrap\bootstrap-datepicker.js --> 49.50.71.212 /www.eclinix.in/wwwroot/siteadmin_assets/js/plugins/bootstrap bootstrap-datepicker.js
2016.09.15 10:52 B E:\MANICKAM\server\manickam\manickam\siteadmin_assets\js\plugins\bootstrap\bootstrap-file-input.js --> 49.50.71.212 /www.eclinix.in/wwwroot/siteadmin_assets/js/plugins/bootstrap bootstrap-file-input.js
2016.09.15 10:52 B E:\MANICKAM\server\manickam\manickam\siteadmin_assets\js\plugins\bootstrap\bootstrap-select.js --> 49.50.71.212 /www.eclinix.in/wwwroot/siteadmin_assets/js/plugins/bootstrap bootstrap-select.js
2016.09.15 10:52 B E:\MANICKAM\server\manickam\manickam\siteadmin_assets\js\plugins\bootstrap\bootstrap-timepicker.min.js --> 49.50.71.212 /www.eclinix.in/wwwroot/siteadmin_assets/js/plugins/bootstrap bootstrap-timepicker.min.js
2016.09.15 10:52 B E:\MANICKAM\server\manickam\manickam\siteadmin_assets\js\plugins\bootstrap\bootstrap.min.js --> 49.50.71.212 /www.eclinix.in/wwwroot/siteadmin_assets/js/plugins/bootstrap bootstrap.min.js
2016.09.15 10:52 B E:\MANICKAM\server\manickam\manickam\siteadmin_assets\js\plugins\bootstrap\npm.js --> 49.50.71.212 /www.eclinix.in/wwwroot/siteadmin_assets/js/plugins/bootstrap npm.js
2016.12.21 14:33 B D:\Raj\Projects\DentalClinick Main\DentalClinic\DentalClinic\siteadmin_assets\js\plugins\bootstrap\bootstrap-colorpicker.js --> web-13.znetlive.in /MusicSite/siteadmin_assets/js/plugins/bootstrap bootstrap-colorpicker.js
2016.12.21 14:33 B D:\Raj\Projects\DentalClinick Main\DentalClinic\DentalClinic\siteadmin_assets\js\plugins\bootstrap\bootstrap-datepicker.js --> web-13.znetlive.in /MusicSite/siteadmin_assets/js/plugins/bootstrap bootstrap-datepicker.js
2016.12.21 14:33 B D:\Raj\Projects\DentalClinick Main\DentalClinic\DentalClinic\siteadmin_assets\js\plugins\bootstrap\bootstrap-file-input.js --> web-13.znetlive.in /MusicSite/siteadmin_assets/js/plugins/bootstrap bootstrap-file-input.js
2016.12.21 14:33 B D:\Raj\Projects\DentalClinick Main\DentalClinic\DentalClinic\siteadmin_assets\js\plugins\bootstrap\bootstrap-select.js --> web-13.znetlive.in /MusicSite/siteadmin_assets/js/plugins/bootstrap bootstrap-select.js
2016.12.21 14:33 B D:\Raj\Projects\DentalClinick Main\DentalClinic\DentalClinic\siteadmin_assets\js\plugins\bootstrap\bootstrap-timepicker.min.js --> web-13.znetlive.in /MusicSite/siteadmin_assets/js/plugins/bootstrap bootstrap-timepicker.min.js
2016.12.21 14:33 B D:\Raj\Projects\DentalClinick Main\DentalClinic\DentalClinic\siteadmin_assets\js\plugins\bootstrap\bootstrap.min.js --> web-13.znetlive.in /MusicSite/siteadmin_assets/js/plugins/bootstrap bootstrap.min.js
2016.12.21 14:33 B D:\Raj\Projects\DentalClinick Main\DentalClinic\DentalClinic\siteadmin_assets\js\plugins\bootstrap\npm.js --> web-13.znetlive.in /MusicSite/siteadmin_assets/js/plugins/bootstrap npm.js
2016.12.21 14:33 B D:\Raj\Projects\DentalClinick Main\DentalClinic\DentalClinic\siteadmin_assets\js\plugins\bootstrap\WS_FTP.LOG --> web-13.znetlive.in /MusicSite/siteadmin_assets/js/plugins/bootstrap WS_FTP.LOG
2017.07.25 17:46 B D:\Akshay\SparesWorldNew\SparesWorld\siteadmin_assets\js\plugins\bootstrap\bootstrap-colorpicker.js --> web-13.znetlive.in /Sparesworld/siteadmin_assets/js/plugins/bootstrap bootstrap-colorpicker.js
2017.07.25 17:46 B D:\Akshay\SparesWorldNew\SparesWorld\siteadmin_assets\js\plugins\bootstrap\bootstrap-datepicker.js --> web-13.znetlive.in /Sparesworld/siteadmin_assets/js/plugins/bootstrap bootstrap-datepicker.js
2017.07.25 17:46 B D:\Akshay\SparesWorldNew\SparesWorld\siteadmin_assets\js\plugins\bootstrap\bootstrap-file-input.js --> web-13.znetlive.in /Sparesworld/siteadmin_assets/js/plugins/bootstrap bootstrap-file-input.js
2017.07.25 17:46 B D:\Akshay\SparesWorldNew\SparesWorld\siteadmin_assets\js\plugins\bootstrap\bootstrap-select.js --> web-13.znetlive.in /Sparesworld/siteadmin_assets/js/plugins/bootstrap bootstrap-select.js
2017.07.25 17:46 B D:\Akshay\SparesWorldNew\SparesWorld\siteadmin_assets\js\plugins\bootstrap\bootstrap-timepicker.min.js --> web-13.znetlive.in /Sparesworld/siteadmin_assets/js/plugins/bootstrap bootstrap-timepicker.min.js
2017.07.25 17:46 B D:\Akshay\SparesWorldNew\SparesWorld\siteadmin_assets\js\plugins\bootstrap\bootstrap.min.js --> web-13.znetlive.in /Sparesworld/siteadmin_assets/js/plugins/bootstrap bootstrap.min.js
2017.07.25 17:46 B D:\Akshay\SparesWorldNew\SparesWorld\siteadmin_assets\js\plugins\bootstrap\npm.js --> web-13.znetlive.in /Sparesworld/siteadmin_assets/js/plugins/bootstrap npm.js
2017.07.25 17:46 B D:\Akshay\SparesWorldNew\SparesWorld\siteadmin_assets\js\plugins\bootstrap\WS_FTP.LOG --> web-13.znetlive.in /Sparesworld/siteadmin_assets/js/plugins/bootstrap WS_FTP.LOG
2019.09.20 13:07 B D:\sunil\Bebeirut\Bebeirut\siteadmin_assets\js\plugins\bootstrap\bootstrap-colorpicker.js --> web-13.znetlive.in /uptindia/bebeirut.uptindia.com/wwwroot/siteadmin_assets/js/plugins/bootstrap bootstrap-colorpicker.js
2019.09.20 13:07 B D:\sunil\Bebeirut\Bebeirut\siteadmin_assets\js\plugins\bootstrap\bootstrap-datepicker.js --> web-13.znetlive.in /uptindia/bebeirut.uptindia.com/wwwroot/siteadmin_assets/js/plugins/bootstrap bootstrap-datepicker.js
2019.09.20 13:07 B D:\sunil\Bebeirut\Bebeirut\siteadmin_assets\js\plugins\bootstrap\bootstrap-file-input.js --> web-13.znetlive.in /uptindia/bebeirut.uptindia.com/wwwroot/siteadmin_assets/js/plugins/bootstrap bootstrap-file-input.js
2019.09.20 13:07 B D:\sunil\Bebeirut\Bebeirut\siteadmin_assets\js\plugins\bootstrap\bootstrap-select.js --> web-13.znetlive.in /uptindia/bebeirut.uptindia.com/wwwroot/siteadmin_assets/js/plugins/bootstrap bootstrap-select.js
2019.09.20 13:07 B D:\sunil\Bebeirut\Bebeirut\siteadmin_assets\js\plugins\bootstrap\bootstrap-timepicker.min.js --> web-13.znetlive.in /uptindia/bebeirut.uptindia.com/wwwroot/siteadmin_assets/js/plugins/bootstrap bootstrap-timepicker.min.js
2019.09.20 13:07 B D:\sunil\Bebeirut\Bebeirut\siteadmin_assets\js\plugins\bootstrap\bootstrap.min.js --> web-13.znetlive.in /uptindia/bebeirut.uptindia.com/wwwroot/siteadmin_assets/js/plugins/bootstrap bootstrap.min.js
2019.09.20 13:07 B D:\sunil\Bebeirut\Bebeirut\siteadmin_assets\js\plugins\bootstrap\npm.js --> web-13.znetlive.in /uptindia/bebeirut.uptindia.com/wwwroot/siteadmin_assets/js/plugins/bootstrap npm.js
2019.09.20 13:07 B D:\sunil\Bebeirut\Bebeirut\siteadmin_assets\js\plugins\bootstrap\WS_FTP.LOG --> web-13.znetlive.in /uptindia/bebeirut.uptindia.com/wwwroot/siteadmin_assets/js/plugins/bootstrap WS_FTP.LOG
2020.01.13 16:34 B E:\Sunil\invention project\InventionReportApi\InventionReportApi\siteadmin_assets\js\plugins\bootstrap\bootstrap-colorpicker.js --> web-13.znetlive.in /uptindia/admin.invention.uptindia.com/wwwroot/siteadmin_assets/js/plugins/bootstrap bootstrap-colorpicker.js
2020.01.13 16:34 B E:\Sunil\invention project\InventionReportApi\InventionReportApi\siteadmin_assets\js\plugins\bootstrap\bootstrap-datepicker.js --> web-13.znetlive.in /uptindia/admin.invention.uptindia.com/wwwroot/siteadmin_assets/js/plugins/bootstrap bootstrap-datepicker.js
2020.01.13 16:34 B E:\Sunil\invention project\InventionReportApi\InventionReportApi\siteadmin_assets\js\plugins\bootstrap\bootstrap-file-input.js --> web-13.znetlive.in /uptindia/admin.invention.uptindia.com/wwwroot/siteadmin_assets/js/plugins/bootstrap bootstrap-file-input.js
2020.01.13 16:34 B E:\Sunil\invention project\InventionReportApi\InventionReportApi\siteadmin_assets\js\plugins\bootstrap\bootstrap-select.js --> web-13.znetlive.in /uptindia/admin.invention.uptindia.com/wwwroot/siteadmin_assets/js/plugins/bootstrap bootstrap-select.js
2020.01.13 16:34 B E:\Sunil\invention project\InventionReportApi\InventionReportApi\siteadmin_assets\js\plugins\bootstrap\bootstrap-timepicker.min.js --> web-13.znetlive.in /uptindia/admin.invention.uptindia.com/wwwroot/siteadmin_assets/js/plugins/bootstrap bootstrap-timepicker.min.js
2020.01.13 16:34 B E:\Sunil\invention project\InventionReportApi\InventionReportApi\siteadmin_assets\js\plugins\bootstrap\bootstrap.min.js --> web-13.znetlive.in /uptindia/admin.invention.uptindia.com/wwwroot/siteadmin_assets/js/plugins/bootstrap bootstrap.min.js
2020.01.13 16:34 B E:\Sunil\invention project\InventionReportApi\InventionReportApi\siteadmin_assets\js\plugins\bootstrap\npm.js --> web-13.znetlive.in /uptindia/admin.invention.uptindia.com/wwwroot/siteadmin_assets/js/plugins/bootstrap npm.js
2020.01.13 16:34 B E:\Sunil\invention project\InventionReportApi\InventionReportApi\siteadmin_assets\js\plugins\bootstrap\WS_FTP.LOG --> web-13.znetlive.in /uptindia/admin.invention.uptindia.com/wwwroot/siteadmin_assets/js/plugins/bootstrap WS_FTP.LOG
