2016.09.15 11:09 B E:\MANICKAM\server\manickam\manickam\siteadmin_assets\js\plugins\nvd3\lib\cie.js --> 49.50.71.212 /www.eclinix.in/wwwroot/siteadmin_assets/js/plugins/nvd3/lib cie.js
2016.09.15 11:09 B E:\MANICKAM\server\manickam\manickam\siteadmin_assets\js\plugins\nvd3\lib\colorbrewer.js --> 49.50.71.212 /www.eclinix.in/wwwroot/siteadmin_assets/js/plugins/nvd3/lib colorbrewer.js
2016.09.15 11:09 B E:\MANICKAM\server\manickam\manickam\siteadmin_assets\js\plugins\nvd3\lib\crossfilter.js --> 49.50.71.212 /www.eclinix.in/wwwroot/siteadmin_assets/js/plugins/nvd3/lib crossfilter.js
2016.09.15 11:09 B E:\MANICKAM\server\manickam\manickam\siteadmin_assets\js\plugins\nvd3\lib\crossfilter.min.js --> 49.50.71.212 /www.eclinix.in/wwwroot/siteadmin_assets/js/plugins/nvd3/lib crossfilter.min.js
2016.09.15 11:09 B E:\MANICKAM\server\manickam\manickam\siteadmin_assets\js\plugins\nvd3\lib\d3.v2.js --> 49.50.71.212 /www.eclinix.in/wwwroot/siteadmin_assets/js/plugins/nvd3/lib d3.v2.js
2016.09.15 11:10 B E:\MANICKAM\server\manickam\manickam\siteadmin_assets\js\plugins\nvd3\lib\d3.v2.min.js --> 49.50.71.212 /www.eclinix.in/wwwroot/siteadmin_assets/js/plugins/nvd3/lib d3.v2.min.js
2016.09.15 11:10 B E:\MANICKAM\server\manickam\manickam\siteadmin_assets\js\plugins\nvd3\lib\d3.v3.js --> 49.50.71.212 /www.eclinix.in/wwwroot/siteadmin_assets/js/plugins/nvd3/lib d3.v3.js
2016.09.15 11:10 B E:\MANICKAM\server\manickam\manickam\siteadmin_assets\js\plugins\nvd3\lib\fisheye.js --> 49.50.71.212 /www.eclinix.in/wwwroot/siteadmin_assets/js/plugins/nvd3/lib fisheye.js
2016.09.15 11:10 B E:\MANICKAM\server\manickam\manickam\siteadmin_assets\js\plugins\nvd3\lib\hive.js --> 49.50.71.212 /www.eclinix.in/wwwroot/siteadmin_assets/js/plugins/nvd3/lib hive.js
2016.09.15 11:10 B E:\MANICKAM\server\manickam\manickam\siteadmin_assets\js\plugins\nvd3\lib\horizon.js --> 49.50.71.212 /www.eclinix.in/wwwroot/siteadmin_assets/js/plugins/nvd3/lib horizon.js
2016.09.15 11:10 B E:\MANICKAM\server\manickam\manickam\siteadmin_assets\js\plugins\nvd3\lib\sankey.js --> 49.50.71.212 /www.eclinix.in/wwwroot/siteadmin_assets/js/plugins/nvd3/lib sankey.js
2016.12.21 14:56 B D:\Raj\Projects\DentalClinick Main\DentalClinic\DentalClinic\siteadmin_assets\js\plugins\nvd3\lib\cie.js --> web-13.znetlive.in /MusicSite/siteadmin_assets/js/plugins/nvd3/lib cie.js
2016.12.21 14:56 B D:\Raj\Projects\DentalClinick Main\DentalClinic\DentalClinic\siteadmin_assets\js\plugins\nvd3\lib\colorbrewer.js --> web-13.znetlive.in /MusicSite/siteadmin_assets/js/plugins/nvd3/lib colorbrewer.js
2016.12.21 14:56 B D:\Raj\Projects\DentalClinick Main\DentalClinic\DentalClinic\siteadmin_assets\js\plugins\nvd3\lib\crossfilter.js --> web-13.znetlive.in /MusicSite/siteadmin_assets/js/plugins/nvd3/lib crossfilter.js
2016.12.21 14:56 B D:\Raj\Projects\DentalClinick Main\DentalClinic\DentalClinic\siteadmin_assets\js\plugins\nvd3\lib\crossfilter.min.js --> web-13.znetlive.in /MusicSite/siteadmin_assets/js/plugins/nvd3/lib crossfilter.min.js
2016.12.21 14:57 B D:\Raj\Projects\DentalClinick Main\DentalClinic\DentalClinic\siteadmin_assets\js\plugins\nvd3\lib\d3.v2.js --> web-13.znetlive.in /MusicSite/siteadmin_assets/js/plugins/nvd3/lib d3.v2.js
2016.12.21 14:57 B D:\Raj\Projects\DentalClinick Main\DentalClinic\DentalClinic\siteadmin_assets\js\plugins\nvd3\lib\d3.v2.min.js --> web-13.znetlive.in /MusicSite/siteadmin_assets/js/plugins/nvd3/lib d3.v2.min.js
2016.12.21 14:57 B D:\Raj\Projects\DentalClinick Main\DentalClinic\DentalClinic\siteadmin_assets\js\plugins\nvd3\lib\d3.v3.js --> web-13.znetlive.in /MusicSite/siteadmin_assets/js/plugins/nvd3/lib d3.v3.js
2016.12.21 14:57 B D:\Raj\Projects\DentalClinick Main\DentalClinic\DentalClinic\siteadmin_assets\js\plugins\nvd3\lib\fisheye.js --> web-13.znetlive.in /MusicSite/siteadmin_assets/js/plugins/nvd3/lib fisheye.js
2016.12.21 14:57 B D:\Raj\Projects\DentalClinick Main\DentalClinic\DentalClinic\siteadmin_assets\js\plugins\nvd3\lib\hive.js --> web-13.znetlive.in /MusicSite/siteadmin_assets/js/plugins/nvd3/lib hive.js
2016.12.21 14:57 B D:\Raj\Projects\DentalClinick Main\DentalClinic\DentalClinic\siteadmin_assets\js\plugins\nvd3\lib\horizon.js --> web-13.znetlive.in /MusicSite/siteadmin_assets/js/plugins/nvd3/lib horizon.js
2016.12.21 14:57 B D:\Raj\Projects\DentalClinick Main\DentalClinic\DentalClinic\siteadmin_assets\js\plugins\nvd3\lib\sankey.js --> web-13.znetlive.in /MusicSite/siteadmin_assets/js/plugins/nvd3/lib sankey.js
2016.12.21 14:57 B D:\Raj\Projects\DentalClinick Main\DentalClinic\DentalClinic\siteadmin_assets\js\plugins\nvd3\lib\WS_FTP.LOG --> web-13.znetlive.in /MusicSite/siteadmin_assets/js/plugins/nvd3/lib WS_FTP.LOG
2017.07.25 17:55 B D:\Akshay\SparesWorldNew\SparesWorld\siteadmin_assets\js\plugins\nvd3\lib\cie.js --> web-13.znetlive.in /Sparesworld/siteadmin_assets/js/plugins/nvd3/lib cie.js
2017.07.25 17:55 B D:\Akshay\SparesWorldNew\SparesWorld\siteadmin_assets\js\plugins\nvd3\lib\colorbrewer.js --> web-13.znetlive.in /Sparesworld/siteadmin_assets/js/plugins/nvd3/lib colorbrewer.js
2017.07.25 17:55 B D:\Akshay\SparesWorldNew\SparesWorld\siteadmin_assets\js\plugins\nvd3\lib\crossfilter.js --> web-13.znetlive.in /Sparesworld/siteadmin_assets/js/plugins/nvd3/lib crossfilter.js
2017.07.25 17:55 B D:\Akshay\SparesWorldNew\SparesWorld\siteadmin_assets\js\plugins\nvd3\lib\crossfilter.min.js --> web-13.znetlive.in /Sparesworld/siteadmin_assets/js/plugins/nvd3/lib crossfilter.min.js
2017.07.25 17:55 B D:\Akshay\SparesWorldNew\SparesWorld\siteadmin_assets\js\plugins\nvd3\lib\d3.v2.js --> web-13.znetlive.in /Sparesworld/siteadmin_assets/js/plugins/nvd3/lib d3.v2.js
2017.07.25 17:55 B D:\Akshay\SparesWorldNew\SparesWorld\siteadmin_assets\js\plugins\nvd3\lib\d3.v2.min.js --> web-13.znetlive.in /Sparesworld/siteadmin_assets/js/plugins/nvd3/lib d3.v2.min.js
2017.07.25 17:55 B D:\Akshay\SparesWorldNew\SparesWorld\siteadmin_assets\js\plugins\nvd3\lib\d3.v3.js --> web-13.znetlive.in /Sparesworld/siteadmin_assets/js/plugins/nvd3/lib d3.v3.js
2017.07.25 17:55 B D:\Akshay\SparesWorldNew\SparesWorld\siteadmin_assets\js\plugins\nvd3\lib\fisheye.js --> web-13.znetlive.in /Sparesworld/siteadmin_assets/js/plugins/nvd3/lib fisheye.js
2017.07.25 17:55 B D:\Akshay\SparesWorldNew\SparesWorld\siteadmin_assets\js\plugins\nvd3\lib\hive.js --> web-13.znetlive.in /Sparesworld/siteadmin_assets/js/plugins/nvd3/lib hive.js
2017.07.25 17:55 B D:\Akshay\SparesWorldNew\SparesWorld\siteadmin_assets\js\plugins\nvd3\lib\horizon.js --> web-13.znetlive.in /Sparesworld/siteadmin_assets/js/plugins/nvd3/lib horizon.js
2017.07.25 17:55 B D:\Akshay\SparesWorldNew\SparesWorld\siteadmin_assets\js\plugins\nvd3\lib\sankey.js --> web-13.znetlive.in /Sparesworld/siteadmin_assets/js/plugins/nvd3/lib sankey.js
2017.07.25 17:55 B D:\Akshay\SparesWorldNew\SparesWorld\siteadmin_assets\js\plugins\nvd3\lib\WS_FTP.LOG --> web-13.znetlive.in /Sparesworld/siteadmin_assets/js/plugins/nvd3/lib WS_FTP.LOG
2019.09.20 13:11 B D:\sunil\Bebeirut\Bebeirut\siteadmin_assets\js\plugins\nvd3\lib\cie.js --> web-13.znetlive.in /uptindia/bebeirut.uptindia.com/wwwroot/siteadmin_assets/js/plugins/nvd3/lib cie.js
2019.09.20 13:11 B D:\sunil\Bebeirut\Bebeirut\siteadmin_assets\js\plugins\nvd3\lib\colorbrewer.js --> web-13.znetlive.in /uptindia/bebeirut.uptindia.com/wwwroot/siteadmin_assets/js/plugins/nvd3/lib colorbrewer.js
2019.09.20 13:11 B D:\sunil\Bebeirut\Bebeirut\siteadmin_assets\js\plugins\nvd3\lib\crossfilter.js --> web-13.znetlive.in /uptindia/bebeirut.uptindia.com/wwwroot/siteadmin_assets/js/plugins/nvd3/lib crossfilter.js
2019.09.20 13:11 B D:\sunil\Bebeirut\Bebeirut\siteadmin_assets\js\plugins\nvd3\lib\crossfilter.min.js --> web-13.znetlive.in /uptindia/bebeirut.uptindia.com/wwwroot/siteadmin_assets/js/plugins/nvd3/lib crossfilter.min.js
2019.09.20 13:11 B D:\sunil\Bebeirut\Bebeirut\siteadmin_assets\js\plugins\nvd3\lib\d3.v2.js --> web-13.znetlive.in /uptindia/bebeirut.uptindia.com/wwwroot/siteadmin_assets/js/plugins/nvd3/lib d3.v2.js
2019.09.20 13:11 B D:\sunil\Bebeirut\Bebeirut\siteadmin_assets\js\plugins\nvd3\lib\d3.v2.min.js --> web-13.znetlive.in /uptindia/bebeirut.uptindia.com/wwwroot/siteadmin_assets/js/plugins/nvd3/lib d3.v2.min.js
2019.09.20 13:11 B D:\sunil\Bebeirut\Bebeirut\siteadmin_assets\js\plugins\nvd3\lib\d3.v3.js --> web-13.znetlive.in /uptindia/bebeirut.uptindia.com/wwwroot/siteadmin_assets/js/plugins/nvd3/lib d3.v3.js
2019.09.20 13:11 B D:\sunil\Bebeirut\Bebeirut\siteadmin_assets\js\plugins\nvd3\lib\fisheye.js --> web-13.znetlive.in /uptindia/bebeirut.uptindia.com/wwwroot/siteadmin_assets/js/plugins/nvd3/lib fisheye.js
2019.09.20 13:11 B D:\sunil\Bebeirut\Bebeirut\siteadmin_assets\js\plugins\nvd3\lib\hive.js --> web-13.znetlive.in /uptindia/bebeirut.uptindia.com/wwwroot/siteadmin_assets/js/plugins/nvd3/lib hive.js
2019.09.20 13:11 B D:\sunil\Bebeirut\Bebeirut\siteadmin_assets\js\plugins\nvd3\lib\horizon.js --> web-13.znetlive.in /uptindia/bebeirut.uptindia.com/wwwroot/siteadmin_assets/js/plugins/nvd3/lib horizon.js
2019.09.20 13:11 B D:\sunil\Bebeirut\Bebeirut\siteadmin_assets\js\plugins\nvd3\lib\sankey.js --> web-13.znetlive.in /uptindia/bebeirut.uptindia.com/wwwroot/siteadmin_assets/js/plugins/nvd3/lib sankey.js
2019.09.20 13:11 B D:\sunil\Bebeirut\Bebeirut\siteadmin_assets\js\plugins\nvd3\lib\WS_FTP.LOG --> web-13.znetlive.in /uptindia/bebeirut.uptindia.com/wwwroot/siteadmin_assets/js/plugins/nvd3/lib WS_FTP.LOG
2020.01.13 17:32 B E:\Sunil\invention project\InventionReportApi\InventionReportApi\siteadmin_assets\js\plugins\nvd3\lib\cie.js --> web-13.znetlive.in /uptindia/admin.invention.uptindia.com/wwwroot/siteadmin_assets/js/plugins/nvd3/lib cie.js
2020.01.13 17:32 B E:\Sunil\invention project\InventionReportApi\InventionReportApi\siteadmin_assets\js\plugins\nvd3\lib\colorbrewer.js --> web-13.znetlive.in /uptindia/admin.invention.uptindia.com/wwwroot/siteadmin_assets/js/plugins/nvd3/lib colorbrewer.js
2020.01.13 17:32 B E:\Sunil\invention project\InventionReportApi\InventionReportApi\siteadmin_assets\js\plugins\nvd3\lib\crossfilter.js --> web-13.znetlive.in /uptindia/admin.invention.uptindia.com/wwwroot/siteadmin_assets/js/plugins/nvd3/lib crossfilter.js
2020.01.13 17:32 B E:\Sunil\invention project\InventionReportApi\InventionReportApi\siteadmin_assets\js\plugins\nvd3\lib\crossfilter.min.js --> web-13.znetlive.in /uptindia/admin.invention.uptindia.com/wwwroot/siteadmin_assets/js/plugins/nvd3/lib crossfilter.min.js
2020.01.13 17:32 B E:\Sunil\invention project\InventionReportApi\InventionReportApi\siteadmin_assets\js\plugins\nvd3\lib\d3.v2.js --> web-13.znetlive.in /uptindia/admin.invention.uptindia.com/wwwroot/siteadmin_assets/js/plugins/nvd3/lib d3.v2.js
2020.01.13 17:32 B E:\Sunil\invention project\InventionReportApi\InventionReportApi\siteadmin_assets\js\plugins\nvd3\lib\d3.v2.min.js --> web-13.znetlive.in /uptindia/admin.invention.uptindia.com/wwwroot/siteadmin_assets/js/plugins/nvd3/lib d3.v2.min.js
2020.01.13 17:32 B E:\Sunil\invention project\InventionReportApi\InventionReportApi\siteadmin_assets\js\plugins\nvd3\lib\d3.v3.js --> web-13.znetlive.in /uptindia/admin.invention.uptindia.com/wwwroot/siteadmin_assets/js/plugins/nvd3/lib d3.v3.js
2020.01.13 17:32 B E:\Sunil\invention project\InventionReportApi\InventionReportApi\siteadmin_assets\js\plugins\nvd3\lib\fisheye.js --> web-13.znetlive.in /uptindia/admin.invention.uptindia.com/wwwroot/siteadmin_assets/js/plugins/nvd3/lib fisheye.js
2020.01.13 17:32 B E:\Sunil\invention project\InventionReportApi\InventionReportApi\siteadmin_assets\js\plugins\nvd3\lib\hive.js --> web-13.znetlive.in /uptindia/admin.invention.uptindia.com/wwwroot/siteadmin_assets/js/plugins/nvd3/lib hive.js
2020.01.13 17:32 B E:\Sunil\invention project\InventionReportApi\InventionReportApi\siteadmin_assets\js\plugins\nvd3\lib\horizon.js --> web-13.znetlive.in /uptindia/admin.invention.uptindia.com/wwwroot/siteadmin_assets/js/plugins/nvd3/lib horizon.js
2020.01.13 17:32 B E:\Sunil\invention project\InventionReportApi\InventionReportApi\siteadmin_assets\js\plugins\nvd3\lib\sankey.js --> web-13.znetlive.in /uptindia/admin.invention.uptindia.com/wwwroot/siteadmin_assets/js/plugins/nvd3/lib sankey.js
2020.01.13 17:32 B E:\Sunil\invention project\InventionReportApi\InventionReportApi\siteadmin_assets\js\plugins\nvd3\lib\WS_FTP.LOG --> web-13.znetlive.in /uptindia/admin.invention.uptindia.com/wwwroot/siteadmin_assets/js/plugins/nvd3/lib WS_FTP.LOG
