2015.12.24 10:43 B D:\Raj\MVC Folder\HRM\HRM\Assets\plugins\select2\select2.css --> web-13.znetlive.in /Matchtalent/Assets/plugins/select2 select2.css
2015.12.24 10:43 B D:\Raj\MVC Folder\HRM\HRM\Assets\plugins\select2\select2.full.js --> web-13.znetlive.in /Matchtalent/Assets/plugins/select2 select2.full.js
2015.12.24 10:43 B D:\Raj\MVC Folder\HRM\HRM\Assets\plugins\select2\select2.full.min.js --> web-13.znetlive.in /Matchtalent/Assets/plugins/select2 select2.full.min.js
2015.12.24 10:43 B D:\Raj\MVC Folder\HRM\HRM\Assets\plugins\select2\select2.js --> web-13.znetlive.in /Matchtalent/Assets/plugins/select2 select2.js
2015.12.24 10:43 B D:\Raj\MVC Folder\HRM\HRM\Assets\plugins\select2\select2.min.css --> web-13.znetlive.in /Matchtalent/Assets/plugins/select2 select2.min.css
2015.12.24 10:44 B D:\Raj\MVC Folder\HRM\HRM\Assets\plugins\select2\select2.min.js --> web-13.znetlive.in /Matchtalent/Assets/plugins/select2 select2.min.js
2016.07.22 13:04 B E:\MANICKAM\server\manickam\manickam\siteadmin_assets\assets\plugins\select2\select2.css --> web-13.znetlive.in /MusicSite/siteadmin_assets/assets/plugins/select2 select2.css
2016.07.22 13:04 B E:\MANICKAM\server\manickam\manickam\siteadmin_assets\assets\plugins\select2\select2.full.js --> web-13.znetlive.in /MusicSite/siteadmin_assets/assets/plugins/select2 select2.full.js
2016.07.22 13:04 B E:\MANICKAM\server\manickam\manickam\siteadmin_assets\assets\plugins\select2\select2.full.min.js --> web-13.znetlive.in /MusicSite/siteadmin_assets/assets/plugins/select2 select2.full.min.js
2016.07.22 13:04 B E:\MANICKAM\server\manickam\manickam\siteadmin_assets\assets\plugins\select2\select2.js --> web-13.znetlive.in /MusicSite/siteadmin_assets/assets/plugins/select2 select2.js
2016.07.22 13:04 B E:\MANICKAM\server\manickam\manickam\siteadmin_assets\assets\plugins\select2\select2.min.css --> web-13.znetlive.in /MusicSite/siteadmin_assets/assets/plugins/select2 select2.min.css
2016.07.22 13:04 B E:\MANICKAM\server\manickam\manickam\siteadmin_assets\assets\plugins\select2\select2.min.js --> web-13.znetlive.in /MusicSite/siteadmin_assets/assets/plugins/select2 select2.min.js
2016.07.22 13:04 B E:\MANICKAM\server\manickam\manickam\siteadmin_assets\assets\plugins\select2\WS_FTP.LOG --> web-13.znetlive.in /MusicSite/siteadmin_assets/assets/plugins/select2 WS_FTP.LOG
2016.09.15 10:29 B E:\MANICKAM\server\manickam\manickam\siteadmin_assets\assets\plugins\select2\select2.css --> 49.50.71.212 /www.eclinix.in/wwwroot/siteadmin_assets/assets/plugins/select2 select2.css
2016.09.15 10:30 B E:\MANICKAM\server\manickam\manickam\siteadmin_assets\assets\plugins\select2\select2.full.js --> 49.50.71.212 /www.eclinix.in/wwwroot/siteadmin_assets/assets/plugins/select2 select2.full.js
2016.09.15 10:30 B E:\MANICKAM\server\manickam\manickam\siteadmin_assets\assets\plugins\select2\select2.full.min.js --> 49.50.71.212 /www.eclinix.in/wwwroot/siteadmin_assets/assets/plugins/select2 select2.full.min.js
2016.09.15 10:30 B E:\MANICKAM\server\manickam\manickam\siteadmin_assets\assets\plugins\select2\select2.js --> 49.50.71.212 /www.eclinix.in/wwwroot/siteadmin_assets/assets/plugins/select2 select2.js
2016.09.15 10:30 B E:\MANICKAM\server\manickam\manickam\siteadmin_assets\assets\plugins\select2\select2.min.css --> 49.50.71.212 /www.eclinix.in/wwwroot/siteadmin_assets/assets/plugins/select2 select2.min.css
2016.09.15 10:30 B E:\MANICKAM\server\manickam\manickam\siteadmin_assets\assets\plugins\select2\select2.min.js --> 49.50.71.212 /www.eclinix.in/wwwroot/siteadmin_assets/assets/plugins/select2 select2.min.js
2016.09.15 10:30 B E:\MANICKAM\server\manickam\manickam\siteadmin_assets\assets\plugins\select2\WS_FTP.LOG --> 49.50.71.212 /www.eclinix.in/wwwroot/siteadmin_assets/assets/plugins/select2 WS_FTP.LOG
2016.09.15 10:44 B E:\MANICKAM\server\manickam\manickam\siteadmin_assets\assets\plugins\select2\WS_FTP.LOG --> 49.50.71.212 /www.eclinix.in/wwwroot/siteadmin_assets/assets/plugins/select2 WS_FTP.LOG
2016.09.16 12:52 B E:\MANICKAM\server\manickam\manickam\siteadmin_assets\assets\plugins\select2\WS_FTP.LOG --> 49.50.71.212 /www.eclinix.in/wwwroot/siteadmin_assets/assets/plugins/select2 WS_FTP.LOG
2016.09.16 15:23 B E:\MANICKAM\server\manickam\manickam\siteadmin_assets\assets\plugins\select2\WS_FTP.LOG --> 49.50.71.212 /www.eclinix.in/wwwroot/siteadmin_assets/assets/plugins/select2 WS_FTP.LOG
2016.12.21 14:16 B D:\Raj\Projects\DentalClinick Main\DentalClinic\DentalClinic\siteadmin_assets\assets\plugins\select2\select2.css --> web-13.znetlive.in /MusicSite/siteadmin_assets/assets/plugins/select2 select2.css
2016.12.21 14:16 B D:\Raj\Projects\DentalClinick Main\DentalClinic\DentalClinic\siteadmin_assets\assets\plugins\select2\select2.full.js --> web-13.znetlive.in /MusicSite/siteadmin_assets/assets/plugins/select2 select2.full.js
2016.12.21 14:16 B D:\Raj\Projects\DentalClinick Main\DentalClinic\DentalClinic\siteadmin_assets\assets\plugins\select2\select2.full.min.js --> web-13.znetlive.in /MusicSite/siteadmin_assets/assets/plugins/select2 select2.full.min.js
2016.12.21 14:17 B D:\Raj\Projects\DentalClinick Main\DentalClinic\DentalClinic\siteadmin_assets\assets\plugins\select2\select2.js --> web-13.znetlive.in /MusicSite/siteadmin_assets/assets/plugins/select2 select2.js
2016.12.21 14:17 B D:\Raj\Projects\DentalClinick Main\DentalClinic\DentalClinic\siteadmin_assets\assets\plugins\select2\select2.min.css --> web-13.znetlive.in /MusicSite/siteadmin_assets/assets/plugins/select2 select2.min.css
2016.12.21 14:17 B D:\Raj\Projects\DentalClinick Main\DentalClinic\DentalClinic\siteadmin_assets\assets\plugins\select2\select2.min.js --> web-13.znetlive.in /MusicSite/siteadmin_assets/assets/plugins/select2 select2.min.js
2016.12.21 14:17 B D:\Raj\Projects\DentalClinick Main\DentalClinic\DentalClinic\siteadmin_assets\assets\plugins\select2\WS_FTP.LOG --> web-13.znetlive.in /MusicSite/siteadmin_assets/assets/plugins/select2 WS_FTP.LOG
2017.07.25 17:29 B D:\Akshay\SparesWorldNew\SparesWorld\siteadmin_assets\assets\plugins\select2\select2.css --> web-13.znetlive.in /Sparesworld/siteadmin_assets/assets/plugins/select2 select2.css
2017.07.25 17:29 B D:\Akshay\SparesWorldNew\SparesWorld\siteadmin_assets\assets\plugins\select2\select2.full.js --> web-13.znetlive.in /Sparesworld/siteadmin_assets/assets/plugins/select2 select2.full.js
2017.07.25 17:29 B D:\Akshay\SparesWorldNew\SparesWorld\siteadmin_assets\assets\plugins\select2\select2.full.min.js --> web-13.znetlive.in /Sparesworld/siteadmin_assets/assets/plugins/select2 select2.full.min.js
2017.07.25 17:30 B D:\Akshay\SparesWorldNew\SparesWorld\siteadmin_assets\assets\plugins\select2\select2.js --> web-13.znetlive.in /Sparesworld/siteadmin_assets/assets/plugins/select2 select2.js
2017.07.25 17:30 B D:\Akshay\SparesWorldNew\SparesWorld\siteadmin_assets\assets\plugins\select2\select2.min.css --> web-13.znetlive.in /Sparesworld/siteadmin_assets/assets/plugins/select2 select2.min.css
2017.07.25 17:30 B D:\Akshay\SparesWorldNew\SparesWorld\siteadmin_assets\assets\plugins\select2\select2.min.js --> web-13.znetlive.in /Sparesworld/siteadmin_assets/assets/plugins/select2 select2.min.js
2017.07.25 17:30 B D:\Akshay\SparesWorldNew\SparesWorld\siteadmin_assets\assets\plugins\select2\WS_FTP.LOG --> web-13.znetlive.in /Sparesworld/siteadmin_assets/assets/plugins/select2 WS_FTP.LOG
2019.09.20 13:03 B D:\sunil\Bebeirut\Bebeirut\siteadmin_assets\assets\plugins\select2\select2.css --> web-13.znetlive.in /uptindia/bebeirut.uptindia.com/wwwroot/siteadmin_assets/assets/plugins/select2 select2.css
2019.09.20 13:03 B D:\sunil\Bebeirut\Bebeirut\siteadmin_assets\assets\plugins\select2\select2.full.js --> web-13.znetlive.in /uptindia/bebeirut.uptindia.com/wwwroot/siteadmin_assets/assets/plugins/select2 select2.full.js
2019.09.20 13:03 B D:\sunil\Bebeirut\Bebeirut\siteadmin_assets\assets\plugins\select2\select2.full.min.js --> web-13.znetlive.in /uptindia/bebeirut.uptindia.com/wwwroot/siteadmin_assets/assets/plugins/select2 select2.full.min.js
2019.09.20 13:03 B D:\sunil\Bebeirut\Bebeirut\siteadmin_assets\assets\plugins\select2\select2.js --> web-13.znetlive.in /uptindia/bebeirut.uptindia.com/wwwroot/siteadmin_assets/assets/plugins/select2 select2.js
2019.09.20 13:03 B D:\sunil\Bebeirut\Bebeirut\siteadmin_assets\assets\plugins\select2\select2.min.css --> web-13.znetlive.in /uptindia/bebeirut.uptindia.com/wwwroot/siteadmin_assets/assets/plugins/select2 select2.min.css
2019.09.20 13:03 B D:\sunil\Bebeirut\Bebeirut\siteadmin_assets\assets\plugins\select2\select2.min.js --> web-13.znetlive.in /uptindia/bebeirut.uptindia.com/wwwroot/siteadmin_assets/assets/plugins/select2 select2.min.js
2019.09.20 13:03 B D:\sunil\Bebeirut\Bebeirut\siteadmin_assets\assets\plugins\select2\WS_FTP.LOG --> web-13.znetlive.in /uptindia/bebeirut.uptindia.com/wwwroot/siteadmin_assets/assets/plugins/select2 WS_FTP.LOG
2020.01.13 16:05 B E:\Sunil\invention project\InventionReportApi\InventionReportApi\siteadmin_assets\assets\plugins\select2\select2.css --> web-13.znetlive.in /uptindia/admin.invention.uptindia.com/wwwroot/siteadmin_assets/assets/plugins/select2 select2.css
2020.01.13 16:05 B E:\Sunil\invention project\InventionReportApi\InventionReportApi\siteadmin_assets\assets\plugins\select2\select2.full.js --> web-13.znetlive.in /uptindia/admin.invention.uptindia.com/wwwroot/siteadmin_assets/assets/plugins/select2 select2.full.js
2020.01.13 16:05 B E:\Sunil\invention project\InventionReportApi\InventionReportApi\siteadmin_assets\assets\plugins\select2\select2.full.min.js --> web-13.znetlive.in /uptindia/admin.invention.uptindia.com/wwwroot/siteadmin_assets/assets/plugins/select2 select2.full.min.js
2020.01.13 16:05 B E:\Sunil\invention project\InventionReportApi\InventionReportApi\siteadmin_assets\assets\plugins\select2\select2.js --> web-13.znetlive.in /uptindia/admin.invention.uptindia.com/wwwroot/siteadmin_assets/assets/plugins/select2 select2.js
2020.01.13 16:05 B E:\Sunil\invention project\InventionReportApi\InventionReportApi\siteadmin_assets\assets\plugins\select2\select2.min.css --> web-13.znetlive.in /uptindia/admin.invention.uptindia.com/wwwroot/siteadmin_assets/assets/plugins/select2 select2.min.css
2020.01.13 16:06 B E:\Sunil\invention project\InventionReportApi\InventionReportApi\siteadmin_assets\assets\plugins\select2\select2.min.js --> web-13.znetlive.in /uptindia/admin.invention.uptindia.com/wwwroot/siteadmin_assets/assets/plugins/select2 select2.min.js
2020.01.13 16:06 B E:\Sunil\invention project\InventionReportApi\InventionReportApi\siteadmin_assets\assets\plugins\select2\WS_FTP.LOG --> web-13.znetlive.in /uptindia/admin.invention.uptindia.com/wwwroot/siteadmin_assets/assets/plugins/select2 WS_FTP.LOG
