2016.09.15 11:08 B E:\MANICKAM\server\manickam\manickam\siteadmin_assets\js\plugins\noty\layouts\bottom.js --> 49.50.71.212 /www.eclinix.in/wwwroot/siteadmin_assets/js/plugins/noty/layouts bottom.js
2016.09.15 11:08 B E:\MANICKAM\server\manickam\manickam\siteadmin_assets\js\plugins\noty\layouts\bottomCenter.js --> 49.50.71.212 /www.eclinix.in/wwwroot/siteadmin_assets/js/plugins/noty/layouts bottomCenter.js
2016.09.15 11:08 B E:\MANICKAM\server\manickam\manickam\siteadmin_assets\js\plugins\noty\layouts\bottomLeft.js --> 49.50.71.212 /www.eclinix.in/wwwroot/siteadmin_assets/js/plugins/noty/layouts bottomLeft.js
2016.09.15 11:08 B E:\MANICKAM\server\manickam\manickam\siteadmin_assets\js\plugins\noty\layouts\bottomRight.js --> 49.50.71.212 /www.eclinix.in/wwwroot/siteadmin_assets/js/plugins/noty/layouts bottomRight.js
2016.09.15 11:08 B E:\MANICKAM\server\manickam\manickam\siteadmin_assets\js\plugins\noty\layouts\center.js --> 49.50.71.212 /www.eclinix.in/wwwroot/siteadmin_assets/js/plugins/noty/layouts center.js
2016.09.15 11:08 B E:\MANICKAM\server\manickam\manickam\siteadmin_assets\js\plugins\noty\layouts\centerLeft.js --> 49.50.71.212 /www.eclinix.in/wwwroot/siteadmin_assets/js/plugins/noty/layouts centerLeft.js
2016.09.15 11:08 B E:\MANICKAM\server\manickam\manickam\siteadmin_assets\js\plugins\noty\layouts\centerRight.js --> 49.50.71.212 /www.eclinix.in/wwwroot/siteadmin_assets/js/plugins/noty/layouts centerRight.js
2016.09.15 11:08 B E:\MANICKAM\server\manickam\manickam\siteadmin_assets\js\plugins\noty\layouts\inline.js --> 49.50.71.212 /www.eclinix.in/wwwroot/siteadmin_assets/js/plugins/noty/layouts inline.js
2016.09.15 11:08 B E:\MANICKAM\server\manickam\manickam\siteadmin_assets\js\plugins\noty\layouts\top.js --> 49.50.71.212 /www.eclinix.in/wwwroot/siteadmin_assets/js/plugins/noty/layouts top.js
2016.09.15 11:08 B E:\MANICKAM\server\manickam\manickam\siteadmin_assets\js\plugins\noty\layouts\topCenter.js --> 49.50.71.212 /www.eclinix.in/wwwroot/siteadmin_assets/js/plugins/noty/layouts topCenter.js
2016.09.15 11:08 B E:\MANICKAM\server\manickam\manickam\siteadmin_assets\js\plugins\noty\layouts\topLeft.js --> 49.50.71.212 /www.eclinix.in/wwwroot/siteadmin_assets/js/plugins/noty/layouts topLeft.js
2016.09.15 11:08 B E:\MANICKAM\server\manickam\manickam\siteadmin_assets\js\plugins\noty\layouts\topRight.js --> 49.50.71.212 /www.eclinix.in/wwwroot/siteadmin_assets/js/plugins/noty/layouts topRight.js
2016.12.21 14:55 B D:\Raj\Projects\DentalClinick Main\DentalClinic\DentalClinic\siteadmin_assets\js\plugins\noty\layouts\bottom.js --> web-13.znetlive.in /MusicSite/siteadmin_assets/js/plugins/noty/layouts bottom.js
2016.12.21 14:55 B D:\Raj\Projects\DentalClinick Main\DentalClinic\DentalClinic\siteadmin_assets\js\plugins\noty\layouts\bottomCenter.js --> web-13.znetlive.in /MusicSite/siteadmin_assets/js/plugins/noty/layouts bottomCenter.js
2016.12.21 14:56 B D:\Raj\Projects\DentalClinick Main\DentalClinic\DentalClinic\siteadmin_assets\js\plugins\noty\layouts\bottomLeft.js --> web-13.znetlive.in /MusicSite/siteadmin_assets/js/plugins/noty/layouts bottomLeft.js
2016.12.21 14:56 B D:\Raj\Projects\DentalClinick Main\DentalClinic\DentalClinic\siteadmin_assets\js\plugins\noty\layouts\bottomRight.js --> web-13.znetlive.in /MusicSite/siteadmin_assets/js/plugins/noty/layouts bottomRight.js
2016.12.21 14:56 B D:\Raj\Projects\DentalClinick Main\DentalClinic\DentalClinic\siteadmin_assets\js\plugins\noty\layouts\center.js --> web-13.znetlive.in /MusicSite/siteadmin_assets/js/plugins/noty/layouts center.js
2016.12.21 14:56 B D:\Raj\Projects\DentalClinick Main\DentalClinic\DentalClinic\siteadmin_assets\js\plugins\noty\layouts\centerLeft.js --> web-13.znetlive.in /MusicSite/siteadmin_assets/js/plugins/noty/layouts centerLeft.js
2016.12.21 14:56 B D:\Raj\Projects\DentalClinick Main\DentalClinic\DentalClinic\siteadmin_assets\js\plugins\noty\layouts\centerRight.js --> web-13.znetlive.in /MusicSite/siteadmin_assets/js/plugins/noty/layouts centerRight.js
2016.12.21 14:56 B D:\Raj\Projects\DentalClinick Main\DentalClinic\DentalClinic\siteadmin_assets\js\plugins\noty\layouts\inline.js --> web-13.znetlive.in /MusicSite/siteadmin_assets/js/plugins/noty/layouts inline.js
2016.12.21 14:56 B D:\Raj\Projects\DentalClinick Main\DentalClinic\DentalClinic\siteadmin_assets\js\plugins\noty\layouts\top.js --> web-13.znetlive.in /MusicSite/siteadmin_assets/js/plugins/noty/layouts top.js
2016.12.21 14:56 B D:\Raj\Projects\DentalClinick Main\DentalClinic\DentalClinic\siteadmin_assets\js\plugins\noty\layouts\topCenter.js --> web-13.znetlive.in /MusicSite/siteadmin_assets/js/plugins/noty/layouts topCenter.js
2016.12.21 14:56 B D:\Raj\Projects\DentalClinick Main\DentalClinic\DentalClinic\siteadmin_assets\js\plugins\noty\layouts\topLeft.js --> web-13.znetlive.in /MusicSite/siteadmin_assets/js/plugins/noty/layouts topLeft.js
2016.12.21 14:56 B D:\Raj\Projects\DentalClinick Main\DentalClinic\DentalClinic\siteadmin_assets\js\plugins\noty\layouts\topRight.js --> web-13.znetlive.in /MusicSite/siteadmin_assets/js/plugins/noty/layouts topRight.js
2016.12.21 14:56 B D:\Raj\Projects\DentalClinick Main\DentalClinic\DentalClinic\siteadmin_assets\js\plugins\noty\layouts\WS_FTP.LOG --> web-13.znetlive.in /MusicSite/siteadmin_assets/js/plugins/noty/layouts WS_FTP.LOG
2017.07.25 17:55 B D:\Akshay\SparesWorldNew\SparesWorld\siteadmin_assets\js\plugins\noty\layouts\bottom.js --> web-13.znetlive.in /Sparesworld/siteadmin_assets/js/plugins/noty/layouts bottom.js
2017.07.25 17:55 B D:\Akshay\SparesWorldNew\SparesWorld\siteadmin_assets\js\plugins\noty\layouts\bottomCenter.js --> web-13.znetlive.in /Sparesworld/siteadmin_assets/js/plugins/noty/layouts bottomCenter.js
2017.07.25 17:55 B D:\Akshay\SparesWorldNew\SparesWorld\siteadmin_assets\js\plugins\noty\layouts\bottomLeft.js --> web-13.znetlive.in /Sparesworld/siteadmin_assets/js/plugins/noty/layouts bottomLeft.js
2017.07.25 17:55 B D:\Akshay\SparesWorldNew\SparesWorld\siteadmin_assets\js\plugins\noty\layouts\bottomRight.js --> web-13.znetlive.in /Sparesworld/siteadmin_assets/js/plugins/noty/layouts bottomRight.js
2017.07.25 17:55 B D:\Akshay\SparesWorldNew\SparesWorld\siteadmin_assets\js\plugins\noty\layouts\center.js --> web-13.znetlive.in /Sparesworld/siteadmin_assets/js/plugins/noty/layouts center.js
2017.07.25 17:55 B D:\Akshay\SparesWorldNew\SparesWorld\siteadmin_assets\js\plugins\noty\layouts\centerLeft.js --> web-13.znetlive.in /Sparesworld/siteadmin_assets/js/plugins/noty/layouts centerLeft.js
2017.07.25 17:55 B D:\Akshay\SparesWorldNew\SparesWorld\siteadmin_assets\js\plugins\noty\layouts\centerRight.js --> web-13.znetlive.in /Sparesworld/siteadmin_assets/js/plugins/noty/layouts centerRight.js
2017.07.25 17:55 B D:\Akshay\SparesWorldNew\SparesWorld\siteadmin_assets\js\plugins\noty\layouts\inline.js --> web-13.znetlive.in /Sparesworld/siteadmin_assets/js/plugins/noty/layouts inline.js
2017.07.25 17:55 B D:\Akshay\SparesWorldNew\SparesWorld\siteadmin_assets\js\plugins\noty\layouts\top.js --> web-13.znetlive.in /Sparesworld/siteadmin_assets/js/plugins/noty/layouts top.js
2017.07.25 17:55 B D:\Akshay\SparesWorldNew\SparesWorld\siteadmin_assets\js\plugins\noty\layouts\topCenter.js --> web-13.znetlive.in /Sparesworld/siteadmin_assets/js/plugins/noty/layouts topCenter.js
2017.07.25 17:55 B D:\Akshay\SparesWorldNew\SparesWorld\siteadmin_assets\js\plugins\noty\layouts\topLeft.js --> web-13.znetlive.in /Sparesworld/siteadmin_assets/js/plugins/noty/layouts topLeft.js
2017.07.25 17:55 B D:\Akshay\SparesWorldNew\SparesWorld\siteadmin_assets\js\plugins\noty\layouts\topRight.js --> web-13.znetlive.in /Sparesworld/siteadmin_assets/js/plugins/noty/layouts topRight.js
2017.07.25 17:55 B D:\Akshay\SparesWorldNew\SparesWorld\siteadmin_assets\js\plugins\noty\layouts\WS_FTP.LOG --> web-13.znetlive.in /Sparesworld/siteadmin_assets/js/plugins/noty/layouts WS_FTP.LOG
2019.09.20 13:11 B D:\sunil\Bebeirut\Bebeirut\siteadmin_assets\js\plugins\noty\layouts\bottom.js --> web-13.znetlive.in /uptindia/bebeirut.uptindia.com/wwwroot/siteadmin_assets/js/plugins/noty/layouts bottom.js
2019.09.20 13:11 B D:\sunil\Bebeirut\Bebeirut\siteadmin_assets\js\plugins\noty\layouts\bottomCenter.js --> web-13.znetlive.in /uptindia/bebeirut.uptindia.com/wwwroot/siteadmin_assets/js/plugins/noty/layouts bottomCenter.js
2019.09.20 13:11 B D:\sunil\Bebeirut\Bebeirut\siteadmin_assets\js\plugins\noty\layouts\bottomLeft.js --> web-13.znetlive.in /uptindia/bebeirut.uptindia.com/wwwroot/siteadmin_assets/js/plugins/noty/layouts bottomLeft.js
2019.09.20 13:11 B D:\sunil\Bebeirut\Bebeirut\siteadmin_assets\js\plugins\noty\layouts\bottomRight.js --> web-13.znetlive.in /uptindia/bebeirut.uptindia.com/wwwroot/siteadmin_assets/js/plugins/noty/layouts bottomRight.js
2019.09.20 13:11 B D:\sunil\Bebeirut\Bebeirut\siteadmin_assets\js\plugins\noty\layouts\center.js --> web-13.znetlive.in /uptindia/bebeirut.uptindia.com/wwwroot/siteadmin_assets/js/plugins/noty/layouts center.js
2019.09.20 13:11 B D:\sunil\Bebeirut\Bebeirut\siteadmin_assets\js\plugins\noty\layouts\centerLeft.js --> web-13.znetlive.in /uptindia/bebeirut.uptindia.com/wwwroot/siteadmin_assets/js/plugins/noty/layouts centerLeft.js
2019.09.20 13:11 B D:\sunil\Bebeirut\Bebeirut\siteadmin_assets\js\plugins\noty\layouts\centerRight.js --> web-13.znetlive.in /uptindia/bebeirut.uptindia.com/wwwroot/siteadmin_assets/js/plugins/noty/layouts centerRight.js
2019.09.20 13:11 B D:\sunil\Bebeirut\Bebeirut\siteadmin_assets\js\plugins\noty\layouts\inline.js --> web-13.znetlive.in /uptindia/bebeirut.uptindia.com/wwwroot/siteadmin_assets/js/plugins/noty/layouts inline.js
2019.09.20 13:11 B D:\sunil\Bebeirut\Bebeirut\siteadmin_assets\js\plugins\noty\layouts\top.js --> web-13.znetlive.in /uptindia/bebeirut.uptindia.com/wwwroot/siteadmin_assets/js/plugins/noty/layouts top.js
2019.09.20 13:11 B D:\sunil\Bebeirut\Bebeirut\siteadmin_assets\js\plugins\noty\layouts\topCenter.js --> web-13.znetlive.in /uptindia/bebeirut.uptindia.com/wwwroot/siteadmin_assets/js/plugins/noty/layouts topCenter.js
2019.09.20 13:11 B D:\sunil\Bebeirut\Bebeirut\siteadmin_assets\js\plugins\noty\layouts\topLeft.js --> web-13.znetlive.in /uptindia/bebeirut.uptindia.com/wwwroot/siteadmin_assets/js/plugins/noty/layouts topLeft.js
2019.09.20 13:11 B D:\sunil\Bebeirut\Bebeirut\siteadmin_assets\js\plugins\noty\layouts\topRight.js --> web-13.znetlive.in /uptindia/bebeirut.uptindia.com/wwwroot/siteadmin_assets/js/plugins/noty/layouts topRight.js
2019.09.20 13:11 B D:\sunil\Bebeirut\Bebeirut\siteadmin_assets\js\plugins\noty\layouts\WS_FTP.LOG --> web-13.znetlive.in /uptindia/bebeirut.uptindia.com/wwwroot/siteadmin_assets/js/plugins/noty/layouts WS_FTP.LOG
2020.01.13 17:31 B E:\Sunil\invention project\InventionReportApi\InventionReportApi\siteadmin_assets\js\plugins\noty\layouts\bottom.js --> web-13.znetlive.in /uptindia/admin.invention.uptindia.com/wwwroot/siteadmin_assets/js/plugins/noty/layouts bottom.js
2020.01.13 17:31 B E:\Sunil\invention project\InventionReportApi\InventionReportApi\siteadmin_assets\js\plugins\noty\layouts\bottomCenter.js --> web-13.znetlive.in /uptindia/admin.invention.uptindia.com/wwwroot/siteadmin_assets/js/plugins/noty/layouts bottomCenter.js
2020.01.13 17:31 B E:\Sunil\invention project\InventionReportApi\InventionReportApi\siteadmin_assets\js\plugins\noty\layouts\bottomLeft.js --> web-13.znetlive.in /uptindia/admin.invention.uptindia.com/wwwroot/siteadmin_assets/js/plugins/noty/layouts bottomLeft.js
2020.01.13 17:31 B E:\Sunil\invention project\InventionReportApi\InventionReportApi\siteadmin_assets\js\plugins\noty\layouts\bottomRight.js --> web-13.znetlive.in /uptindia/admin.invention.uptindia.com/wwwroot/siteadmin_assets/js/plugins/noty/layouts bottomRight.js
2020.01.13 17:31 B E:\Sunil\invention project\InventionReportApi\InventionReportApi\siteadmin_assets\js\plugins\noty\layouts\center.js --> web-13.znetlive.in /uptindia/admin.invention.uptindia.com/wwwroot/siteadmin_assets/js/plugins/noty/layouts center.js
2020.01.13 17:31 B E:\Sunil\invention project\InventionReportApi\InventionReportApi\siteadmin_assets\js\plugins\noty\layouts\centerLeft.js --> web-13.znetlive.in /uptindia/admin.invention.uptindia.com/wwwroot/siteadmin_assets/js/plugins/noty/layouts centerLeft.js
2020.01.13 17:31 B E:\Sunil\invention project\InventionReportApi\InventionReportApi\siteadmin_assets\js\plugins\noty\layouts\centerRight.js --> web-13.znetlive.in /uptindia/admin.invention.uptindia.com/wwwroot/siteadmin_assets/js/plugins/noty/layouts centerRight.js
2020.01.13 17:32 B E:\Sunil\invention project\InventionReportApi\InventionReportApi\siteadmin_assets\js\plugins\noty\layouts\inline.js --> web-13.znetlive.in /uptindia/admin.invention.uptindia.com/wwwroot/siteadmin_assets/js/plugins/noty/layouts inline.js
2020.01.13 17:32 B E:\Sunil\invention project\InventionReportApi\InventionReportApi\siteadmin_assets\js\plugins\noty\layouts\top.js --> web-13.znetlive.in /uptindia/admin.invention.uptindia.com/wwwroot/siteadmin_assets/js/plugins/noty/layouts top.js
2020.01.13 17:32 B E:\Sunil\invention project\InventionReportApi\InventionReportApi\siteadmin_assets\js\plugins\noty\layouts\topCenter.js --> web-13.znetlive.in /uptindia/admin.invention.uptindia.com/wwwroot/siteadmin_assets/js/plugins/noty/layouts topCenter.js
2020.01.13 17:32 B E:\Sunil\invention project\InventionReportApi\InventionReportApi\siteadmin_assets\js\plugins\noty\layouts\topLeft.js --> web-13.znetlive.in /uptindia/admin.invention.uptindia.com/wwwroot/siteadmin_assets/js/plugins/noty/layouts topLeft.js
2020.01.13 17:32 B E:\Sunil\invention project\InventionReportApi\InventionReportApi\siteadmin_assets\js\plugins\noty\layouts\topRight.js --> web-13.znetlive.in /uptindia/admin.invention.uptindia.com/wwwroot/siteadmin_assets/js/plugins/noty/layouts topRight.js
2020.01.13 17:32 B E:\Sunil\invention project\InventionReportApi\InventionReportApi\siteadmin_assets\js\plugins\noty\layouts\WS_FTP.LOG --> web-13.znetlive.in /uptindia/admin.invention.uptindia.com/wwwroot/siteadmin_assets/js/plugins/noty/layouts WS_FTP.LOG
