2016.09.15 11:05 B E:\MANICKAM\server\manickam\manickam\siteadmin_assets\js\plugins\jvectormap\jquery-jvectormap-1.2.2.min.js --> 49.50.71.212 /www.eclinix.in/wwwroot/siteadmin_assets/js/plugins/jvectormap jquery-jvectormap-1.2.2.min.js
2016.09.15 11:05 B E:\MANICKAM\server\manickam\manickam\siteadmin_assets\js\plugins\jvectormap\jquery-jvectormap-europe-mill-en.js --> 49.50.71.212 /www.eclinix.in/wwwroot/siteadmin_assets/js/plugins/jvectormap jquery-jvectormap-europe-mill-en.js
2016.09.15 11:06 B E:\MANICKAM\server\manickam\manickam\siteadmin_assets\js\plugins\jvectormap\jquery-jvectormap-uakraine-merc-en.js --> 49.50.71.212 /www.eclinix.in/wwwroot/siteadmin_assets/js/plugins/jvectormap jquery-jvectormap-uakraine-merc-en.js
2016.09.15 11:06 B E:\MANICKAM\server\manickam\manickam\siteadmin_assets\js\plugins\jvectormap\jquery-jvectormap-us-aea-en.js --> 49.50.71.212 /www.eclinix.in/wwwroot/siteadmin_assets/js/plugins/jvectormap jquery-jvectormap-us-aea-en.js
2016.09.15 11:06 B E:\MANICKAM\server\manickam\manickam\siteadmin_assets\js\plugins\jvectormap\jquery-jvectormap-world-mill-en.js --> 49.50.71.212 /www.eclinix.in/wwwroot/siteadmin_assets/js/plugins/jvectormap jquery-jvectormap-world-mill-en.js
2016.12.21 14:54 B D:\Raj\Projects\DentalClinick Main\DentalClinic\DentalClinic\siteadmin_assets\js\plugins\jvectormap\jquery-jvectormap-1.2.2.min.js --> web-13.znetlive.in /MusicSite/siteadmin_assets/js/plugins/jvectormap jquery-jvectormap-1.2.2.min.js
2016.12.21 14:54 B D:\Raj\Projects\DentalClinick Main\DentalClinic\DentalClinic\siteadmin_assets\js\plugins\jvectormap\jquery-jvectormap-europe-mill-en.js --> web-13.znetlive.in /MusicSite/siteadmin_assets/js/plugins/jvectormap jquery-jvectormap-europe-mill-en.js
2016.12.21 14:54 B D:\Raj\Projects\DentalClinick Main\DentalClinic\DentalClinic\siteadmin_assets\js\plugins\jvectormap\jquery-jvectormap-uakraine-merc-en.js --> web-13.znetlive.in /MusicSite/siteadmin_assets/js/plugins/jvectormap jquery-jvectormap-uakraine-merc-en.js
2016.12.21 14:54 B D:\Raj\Projects\DentalClinick Main\DentalClinic\DentalClinic\siteadmin_assets\js\plugins\jvectormap\jquery-jvectormap-us-aea-en.js --> web-13.znetlive.in /MusicSite/siteadmin_assets/js/plugins/jvectormap jquery-jvectormap-us-aea-en.js
2016.12.21 14:54 B D:\Raj\Projects\DentalClinick Main\DentalClinic\DentalClinic\siteadmin_assets\js\plugins\jvectormap\jquery-jvectormap-world-mill-en.js --> web-13.znetlive.in /MusicSite/siteadmin_assets/js/plugins/jvectormap jquery-jvectormap-world-mill-en.js
2016.12.21 14:54 B D:\Raj\Projects\DentalClinick Main\DentalClinic\DentalClinic\siteadmin_assets\js\plugins\jvectormap\WS_FTP.LOG --> web-13.znetlive.in /MusicSite/siteadmin_assets/js/plugins/jvectormap WS_FTP.LOG
2017.07.25 17:55 B D:\Akshay\SparesWorldNew\SparesWorld\siteadmin_assets\js\plugins\jvectormap\jquery-jvectormap-1.2.2.min.js --> web-13.znetlive.in /Sparesworld/siteadmin_assets/js/plugins/jvectormap jquery-jvectormap-1.2.2.min.js
2017.07.25 17:55 B D:\Akshay\SparesWorldNew\SparesWorld\siteadmin_assets\js\plugins\jvectormap\jquery-jvectormap-europe-mill-en.js --> web-13.znetlive.in /Sparesworld/siteadmin_assets/js/plugins/jvectormap jquery-jvectormap-europe-mill-en.js
2017.07.25 17:55 B D:\Akshay\SparesWorldNew\SparesWorld\siteadmin_assets\js\plugins\jvectormap\jquery-jvectormap-uakraine-merc-en.js --> web-13.znetlive.in /Sparesworld/siteadmin_assets/js/plugins/jvectormap jquery-jvectormap-uakraine-merc-en.js
2017.07.25 17:55 B D:\Akshay\SparesWorldNew\SparesWorld\siteadmin_assets\js\plugins\jvectormap\jquery-jvectormap-us-aea-en.js --> web-13.znetlive.in /Sparesworld/siteadmin_assets/js/plugins/jvectormap jquery-jvectormap-us-aea-en.js
2017.07.25 17:55 B D:\Akshay\SparesWorldNew\SparesWorld\siteadmin_assets\js\plugins\jvectormap\jquery-jvectormap-world-mill-en.js --> web-13.znetlive.in /Sparesworld/siteadmin_assets/js/plugins/jvectormap jquery-jvectormap-world-mill-en.js
2017.07.25 17:55 B D:\Akshay\SparesWorldNew\SparesWorld\siteadmin_assets\js\plugins\jvectormap\WS_FTP.LOG --> web-13.znetlive.in /Sparesworld/siteadmin_assets/js/plugins/jvectormap WS_FTP.LOG
2019.09.20 13:11 B D:\sunil\Bebeirut\Bebeirut\siteadmin_assets\js\plugins\jvectormap\jquery-jvectormap-1.2.2.min.js --> web-13.znetlive.in /uptindia/bebeirut.uptindia.com/wwwroot/siteadmin_assets/js/plugins/jvectormap jquery-jvectormap-1.2.2.min.js
2019.09.20 13:11 B D:\sunil\Bebeirut\Bebeirut\siteadmin_assets\js\plugins\jvectormap\jquery-jvectormap-europe-mill-en.js --> web-13.znetlive.in /uptindia/bebeirut.uptindia.com/wwwroot/siteadmin_assets/js/plugins/jvectormap jquery-jvectormap-europe-mill-en.js
2019.09.20 13:11 B D:\sunil\Bebeirut\Bebeirut\siteadmin_assets\js\plugins\jvectormap\jquery-jvectormap-uakraine-merc-en.js --> web-13.znetlive.in /uptindia/bebeirut.uptindia.com/wwwroot/siteadmin_assets/js/plugins/jvectormap jquery-jvectormap-uakraine-merc-en.js
2019.09.20 13:11 B D:\sunil\Bebeirut\Bebeirut\siteadmin_assets\js\plugins\jvectormap\jquery-jvectormap-us-aea-en.js --> web-13.znetlive.in /uptindia/bebeirut.uptindia.com/wwwroot/siteadmin_assets/js/plugins/jvectormap jquery-jvectormap-us-aea-en.js
2019.09.20 13:11 B D:\sunil\Bebeirut\Bebeirut\siteadmin_assets\js\plugins\jvectormap\jquery-jvectormap-world-mill-en.js --> web-13.znetlive.in /uptindia/bebeirut.uptindia.com/wwwroot/siteadmin_assets/js/plugins/jvectormap jquery-jvectormap-world-mill-en.js
2019.09.20 13:11 B D:\sunil\Bebeirut\Bebeirut\siteadmin_assets\js\plugins\jvectormap\WS_FTP.LOG --> web-13.znetlive.in /uptindia/bebeirut.uptindia.com/wwwroot/siteadmin_assets/js/plugins/jvectormap WS_FTP.LOG
2020.01.13 17:31 B E:\Sunil\invention project\InventionReportApi\InventionReportApi\siteadmin_assets\js\plugins\jvectormap\jquery-jvectormap-1.2.2.min.js --> web-13.znetlive.in /uptindia/admin.invention.uptindia.com/wwwroot/siteadmin_assets/js/plugins/jvectormap jquery-jvectormap-1.2.2.min.js
2020.01.13 17:31 B E:\Sunil\invention project\InventionReportApi\InventionReportApi\siteadmin_assets\js\plugins\jvectormap\jquery-jvectormap-europe-mill-en.js --> web-13.znetlive.in /uptindia/admin.invention.uptindia.com/wwwroot/siteadmin_assets/js/plugins/jvectormap jquery-jvectormap-europe-mill-en.js
2020.01.13 17:31 B E:\Sunil\invention project\InventionReportApi\InventionReportApi\siteadmin_assets\js\plugins\jvectormap\jquery-jvectormap-uakraine-merc-en.js --> web-13.znetlive.in /uptindia/admin.invention.uptindia.com/wwwroot/siteadmin_assets/js/plugins/jvectormap jquery-jvectormap-uakraine-merc-en.js
2020.01.13 17:31 B E:\Sunil\invention project\InventionReportApi\InventionReportApi\siteadmin_assets\js\plugins\jvectormap\jquery-jvectormap-us-aea-en.js --> web-13.znetlive.in /uptindia/admin.invention.uptindia.com/wwwroot/siteadmin_assets/js/plugins/jvectormap jquery-jvectormap-us-aea-en.js
2020.01.13 17:31 B E:\Sunil\invention project\InventionReportApi\InventionReportApi\siteadmin_assets\js\plugins\jvectormap\jquery-jvectormap-world-mill-en.js --> web-13.znetlive.in /uptindia/admin.invention.uptindia.com/wwwroot/siteadmin_assets/js/plugins/jvectormap jquery-jvectormap-world-mill-en.js
2020.01.13 17:31 B E:\Sunil\invention project\InventionReportApi\InventionReportApi\siteadmin_assets\js\plugins\jvectormap\WS_FTP.LOG --> web-13.znetlive.in /uptindia/admin.invention.uptindia.com/wwwroot/siteadmin_assets/js/plugins/jvectormap WS_FTP.LOG
