2016.09.15 11:16 B E:\MANICKAM\server\manickam\manickam\siteadmin_assets\js\actions.js --> 49.50.71.212 /www.eclinix.in/wwwroot/siteadmin_assets/js actions.js
2016.09.15 11:16 B E:\MANICKAM\server\manickam\manickam\siteadmin_assets\js\dashboard1.html --> 49.50.71.212 /www.eclinix.in/wwwroot/siteadmin_assets/js dashboard1.html
2016.09.15 11:16 B E:\MANICKAM\server\manickam\manickam\siteadmin_assets\js\demo_charts_morris.js --> 49.50.71.212 /www.eclinix.in/wwwroot/siteadmin_assets/js demo_charts_morris.js
2016.09.15 11:16 B E:\MANICKAM\server\manickam\manickam\siteadmin_assets\js\demo_charts_nvd3.js --> 49.50.71.212 /www.eclinix.in/wwwroot/siteadmin_assets/js demo_charts_nvd3.js
2016.09.15 11:16 B E:\MANICKAM\server\manickam\manickam\siteadmin_assets\js\demo_charts_rickshaw.js --> 49.50.71.212 /www.eclinix.in/wwwroot/siteadmin_assets/js demo_charts_rickshaw.js
2016.09.15 11:16 B E:\MANICKAM\server\manickam\manickam\siteadmin_assets\js\demo_dashboard.js --> 49.50.71.212 /www.eclinix.in/wwwroot/siteadmin_assets/js demo_dashboard.js
2016.09.15 11:16 B E:\MANICKAM\server\manickam\manickam\siteadmin_assets\js\demo_icons.js --> 49.50.71.212 /www.eclinix.in/wwwroot/siteadmin_assets/js demo_icons.js
2016.09.15 11:16 B E:\MANICKAM\server\manickam\manickam\siteadmin_assets\js\demo_maps.js --> 49.50.71.212 /www.eclinix.in/wwwroot/siteadmin_assets/js demo_maps.js
2016.09.15 11:16 B E:\MANICKAM\server\manickam\manickam\siteadmin_assets\js\demo_tables.js --> 49.50.71.212 /www.eclinix.in/wwwroot/siteadmin_assets/js demo_tables.js
2016.09.15 11:16 B E:\MANICKAM\server\manickam\manickam\siteadmin_assets\js\demo_tasks.js --> 49.50.71.212 /www.eclinix.in/wwwroot/siteadmin_assets/js demo_tasks.js
2016.09.15 11:16 B E:\MANICKAM\server\manickam\manickam\siteadmin_assets\js\faq.js --> 49.50.71.212 /www.eclinix.in/wwwroot/siteadmin_assets/js faq.js
2016.09.15 11:17 B E:\MANICKAM\server\manickam\manickam\siteadmin_assets\js\plugins.js --> 49.50.71.212 /www.eclinix.in/wwwroot/siteadmin_assets/js plugins.js
2016.09.15 11:17 B E:\MANICKAM\server\manickam\manickam\siteadmin_assets\js\portlet.js --> 49.50.71.212 /www.eclinix.in/wwwroot/siteadmin_assets/js portlet.js
2016.09.15 11:17 B E:\MANICKAM\server\manickam\manickam\siteadmin_assets\js\settings.js --> 49.50.71.212 /www.eclinix.in/wwwroot/siteadmin_assets/js settings.js
2016.12.21 15:05 B D:\Raj\Projects\DentalClinick Main\DentalClinic\DentalClinic\siteadmin_assets\js\actions.js --> web-13.znetlive.in /MusicSite/siteadmin_assets/js actions.js
2016.12.21 15:05 B D:\Raj\Projects\DentalClinick Main\DentalClinic\DentalClinic\siteadmin_assets\js\dashboard1.html --> web-13.znetlive.in /MusicSite/siteadmin_assets/js dashboard1.html
2016.12.21 15:05 B D:\Raj\Projects\DentalClinick Main\DentalClinic\DentalClinic\siteadmin_assets\js\demo_charts_morris.js --> web-13.znetlive.in /MusicSite/siteadmin_assets/js demo_charts_morris.js
2016.12.21 15:05 B D:\Raj\Projects\DentalClinick Main\DentalClinic\DentalClinic\siteadmin_assets\js\demo_charts_nvd3.js --> web-13.znetlive.in /MusicSite/siteadmin_assets/js demo_charts_nvd3.js
2016.12.21 15:05 B D:\Raj\Projects\DentalClinick Main\DentalClinic\DentalClinic\siteadmin_assets\js\demo_charts_rickshaw.js --> web-13.znetlive.in /MusicSite/siteadmin_assets/js demo_charts_rickshaw.js
2016.12.21 15:05 B D:\Raj\Projects\DentalClinick Main\DentalClinic\DentalClinic\siteadmin_assets\js\demo_dashboard.js --> web-13.znetlive.in /MusicSite/siteadmin_assets/js demo_dashboard.js
2016.12.21 15:05 B D:\Raj\Projects\DentalClinick Main\DentalClinic\DentalClinic\siteadmin_assets\js\demo_icons.js --> web-13.znetlive.in /MusicSite/siteadmin_assets/js demo_icons.js
2016.12.21 15:05 B D:\Raj\Projects\DentalClinick Main\DentalClinic\DentalClinic\siteadmin_assets\js\demo_maps.js --> web-13.znetlive.in /MusicSite/siteadmin_assets/js demo_maps.js
2016.12.21 15:05 B D:\Raj\Projects\DentalClinick Main\DentalClinic\DentalClinic\siteadmin_assets\js\demo_tables.js --> web-13.znetlive.in /MusicSite/siteadmin_assets/js demo_tables.js
2016.12.21 15:05 B D:\Raj\Projects\DentalClinick Main\DentalClinic\DentalClinic\siteadmin_assets\js\demo_tasks.js --> web-13.znetlive.in /MusicSite/siteadmin_assets/js demo_tasks.js
2016.12.21 15:06 B D:\Raj\Projects\DentalClinick Main\DentalClinic\DentalClinic\siteadmin_assets\js\faq.js --> web-13.znetlive.in /MusicSite/siteadmin_assets/js faq.js
2016.12.21 15:06 B D:\Raj\Projects\DentalClinick Main\DentalClinic\DentalClinic\siteadmin_assets\js\plugins.js --> web-13.znetlive.in /MusicSite/siteadmin_assets/js plugins.js
2016.12.21 15:06 B D:\Raj\Projects\DentalClinick Main\DentalClinic\DentalClinic\siteadmin_assets\js\portlet.js --> web-13.znetlive.in /MusicSite/siteadmin_assets/js portlet.js
2016.12.21 15:06 B D:\Raj\Projects\DentalClinick Main\DentalClinic\DentalClinic\siteadmin_assets\js\settings.js --> web-13.znetlive.in /MusicSite/siteadmin_assets/js settings.js
2016.12.21 15:06 B D:\Raj\Projects\DentalClinick Main\DentalClinic\DentalClinic\siteadmin_assets\js\WS_FTP.LOG --> web-13.znetlive.in /MusicSite/siteadmin_assets/js WS_FTP.LOG
2017.07.25 17:57 B D:\Akshay\SparesWorldNew\SparesWorld\siteadmin_assets\js\actions.js --> web-13.znetlive.in /Sparesworld/siteadmin_assets/js actions.js
2017.07.25 17:57 B D:\Akshay\SparesWorldNew\SparesWorld\siteadmin_assets\js\dashboard1.html --> web-13.znetlive.in /Sparesworld/siteadmin_assets/js dashboard1.html
2017.07.25 17:57 B D:\Akshay\SparesWorldNew\SparesWorld\siteadmin_assets\js\demo_charts_morris.js --> web-13.znetlive.in /Sparesworld/siteadmin_assets/js demo_charts_morris.js
2017.07.25 17:57 B D:\Akshay\SparesWorldNew\SparesWorld\siteadmin_assets\js\demo_charts_nvd3.js --> web-13.znetlive.in /Sparesworld/siteadmin_assets/js demo_charts_nvd3.js
2017.07.25 17:57 B D:\Akshay\SparesWorldNew\SparesWorld\siteadmin_assets\js\demo_charts_rickshaw.js --> web-13.znetlive.in /Sparesworld/siteadmin_assets/js demo_charts_rickshaw.js
2017.07.25 17:57 B D:\Akshay\SparesWorldNew\SparesWorld\siteadmin_assets\js\demo_dashboard.js --> web-13.znetlive.in /Sparesworld/siteadmin_assets/js demo_dashboard.js
2017.07.25 17:57 B D:\Akshay\SparesWorldNew\SparesWorld\siteadmin_assets\js\demo_icons.js --> web-13.znetlive.in /Sparesworld/siteadmin_assets/js demo_icons.js
2017.07.25 17:57 B D:\Akshay\SparesWorldNew\SparesWorld\siteadmin_assets\js\demo_maps.js --> web-13.znetlive.in /Sparesworld/siteadmin_assets/js demo_maps.js
2017.07.25 17:57 B D:\Akshay\SparesWorldNew\SparesWorld\siteadmin_assets\js\demo_tables.js --> web-13.znetlive.in /Sparesworld/siteadmin_assets/js demo_tables.js
2017.07.25 17:57 B D:\Akshay\SparesWorldNew\SparesWorld\siteadmin_assets\js\demo_tasks.js --> web-13.znetlive.in /Sparesworld/siteadmin_assets/js demo_tasks.js
2017.07.25 17:57 B D:\Akshay\SparesWorldNew\SparesWorld\siteadmin_assets\js\faq.js --> web-13.znetlive.in /Sparesworld/siteadmin_assets/js faq.js
2017.07.25 17:57 B D:\Akshay\SparesWorldNew\SparesWorld\siteadmin_assets\js\plugins.js --> web-13.znetlive.in /Sparesworld/siteadmin_assets/js plugins.js
2017.07.25 17:57 B D:\Akshay\SparesWorldNew\SparesWorld\siteadmin_assets\js\portlet.js --> web-13.znetlive.in /Sparesworld/siteadmin_assets/js portlet.js
2017.07.25 17:57 B D:\Akshay\SparesWorldNew\SparesWorld\siteadmin_assets\js\settings.js --> web-13.znetlive.in /Sparesworld/siteadmin_assets/js settings.js
2017.07.25 17:57 B D:\Akshay\SparesWorldNew\SparesWorld\siteadmin_assets\js\WS_FTP.LOG --> web-13.znetlive.in /Sparesworld/siteadmin_assets/js WS_FTP.LOG
2019.09.20 13:13 B D:\sunil\Bebeirut\Bebeirut\siteadmin_assets\js\actions.js --> web-13.znetlive.in /uptindia/bebeirut.uptindia.com/wwwroot/siteadmin_assets/js actions.js
2019.09.20 13:13 B D:\sunil\Bebeirut\Bebeirut\siteadmin_assets\js\dashboard1.html --> web-13.znetlive.in /uptindia/bebeirut.uptindia.com/wwwroot/siteadmin_assets/js dashboard1.html
2019.09.20 13:13 B D:\sunil\Bebeirut\Bebeirut\siteadmin_assets\js\demo_charts_morris.js --> web-13.znetlive.in /uptindia/bebeirut.uptindia.com/wwwroot/siteadmin_assets/js demo_charts_morris.js
2019.09.20 13:13 B D:\sunil\Bebeirut\Bebeirut\siteadmin_assets\js\demo_charts_nvd3.js --> web-13.znetlive.in /uptindia/bebeirut.uptindia.com/wwwroot/siteadmin_assets/js demo_charts_nvd3.js
2019.09.20 13:13 B D:\sunil\Bebeirut\Bebeirut\siteadmin_assets\js\demo_charts_rickshaw.js --> web-13.znetlive.in /uptindia/bebeirut.uptindia.com/wwwroot/siteadmin_assets/js demo_charts_rickshaw.js
2019.09.20 13:13 B D:\sunil\Bebeirut\Bebeirut\siteadmin_assets\js\demo_dashboard.js --> web-13.znetlive.in /uptindia/bebeirut.uptindia.com/wwwroot/siteadmin_assets/js demo_dashboard.js
2019.09.20 13:13 B D:\sunil\Bebeirut\Bebeirut\siteadmin_assets\js\demo_icons.js --> web-13.znetlive.in /uptindia/bebeirut.uptindia.com/wwwroot/siteadmin_assets/js demo_icons.js
2019.09.20 13:13 B D:\sunil\Bebeirut\Bebeirut\siteadmin_assets\js\demo_maps.js --> web-13.znetlive.in /uptindia/bebeirut.uptindia.com/wwwroot/siteadmin_assets/js demo_maps.js
2019.09.20 13:13 B D:\sunil\Bebeirut\Bebeirut\siteadmin_assets\js\demo_tables.js --> web-13.znetlive.in /uptindia/bebeirut.uptindia.com/wwwroot/siteadmin_assets/js demo_tables.js
2019.09.20 13:13 B D:\sunil\Bebeirut\Bebeirut\siteadmin_assets\js\demo_tasks.js --> web-13.znetlive.in /uptindia/bebeirut.uptindia.com/wwwroot/siteadmin_assets/js demo_tasks.js
2019.09.20 13:13 B D:\sunil\Bebeirut\Bebeirut\siteadmin_assets\js\faq.js --> web-13.znetlive.in /uptindia/bebeirut.uptindia.com/wwwroot/siteadmin_assets/js faq.js
2019.09.20 13:13 B D:\sunil\Bebeirut\Bebeirut\siteadmin_assets\js\plugins.js --> web-13.znetlive.in /uptindia/bebeirut.uptindia.com/wwwroot/siteadmin_assets/js plugins.js
2019.09.20 13:13 B D:\sunil\Bebeirut\Bebeirut\siteadmin_assets\js\portlet.js --> web-13.znetlive.in /uptindia/bebeirut.uptindia.com/wwwroot/siteadmin_assets/js portlet.js
2019.09.20 13:13 B D:\sunil\Bebeirut\Bebeirut\siteadmin_assets\js\settings.js --> web-13.znetlive.in /uptindia/bebeirut.uptindia.com/wwwroot/siteadmin_assets/js settings.js
2019.09.20 13:13 B D:\sunil\Bebeirut\Bebeirut\siteadmin_assets\js\WS_FTP.LOG --> web-13.znetlive.in /uptindia/bebeirut.uptindia.com/wwwroot/siteadmin_assets/js WS_FTP.LOG
2019.09.27 18:03 B D:\sunil\Bebeirut\Bebeirut\siteadmin_assets\js\bootstrap-multiselect.js --> web-13.znetlive.in /uptindia/bebeirut.uptindia.com/wwwroot/siteadmin_assets/js bootstrap-multiselect.js
2020.01.13 17:41 B E:\Sunil\invention project\InventionReportApi\InventionReportApi\siteadmin_assets\js\actions.js --> web-13.znetlive.in /uptindia/admin.invention.uptindia.com/wwwroot/siteadmin_assets/js actions.js
2020.01.13 17:41 B E:\Sunil\invention project\InventionReportApi\InventionReportApi\siteadmin_assets\js\bootstrap-multiselect.js --> web-13.znetlive.in /uptindia/admin.invention.uptindia.com/wwwroot/siteadmin_assets/js bootstrap-multiselect.js
2020.01.13 17:41 B E:\Sunil\invention project\InventionReportApi\InventionReportApi\siteadmin_assets\js\dashboard1.html --> web-13.znetlive.in /uptindia/admin.invention.uptindia.com/wwwroot/siteadmin_assets/js dashboard1.html
2020.01.13 17:41 B E:\Sunil\invention project\InventionReportApi\InventionReportApi\siteadmin_assets\js\demo_charts_morris.js --> web-13.znetlive.in /uptindia/admin.invention.uptindia.com/wwwroot/siteadmin_assets/js demo_charts_morris.js
2020.01.13 17:41 B E:\Sunil\invention project\InventionReportApi\InventionReportApi\siteadmin_assets\js\demo_charts_nvd3.js --> web-13.znetlive.in /uptindia/admin.invention.uptindia.com/wwwroot/siteadmin_assets/js demo_charts_nvd3.js
2020.01.13 17:41 B E:\Sunil\invention project\InventionReportApi\InventionReportApi\siteadmin_assets\js\demo_charts_rickshaw.js --> web-13.znetlive.in /uptindia/admin.invention.uptindia.com/wwwroot/siteadmin_assets/js demo_charts_rickshaw.js
2020.01.13 17:41 B E:\Sunil\invention project\InventionReportApi\InventionReportApi\siteadmin_assets\js\demo_dashboard.js --> web-13.znetlive.in /uptindia/admin.invention.uptindia.com/wwwroot/siteadmin_assets/js demo_dashboard.js
2020.01.13 17:41 B E:\Sunil\invention project\InventionReportApi\InventionReportApi\siteadmin_assets\js\demo_icons.js --> web-13.znetlive.in /uptindia/admin.invention.uptindia.com/wwwroot/siteadmin_assets/js demo_icons.js
2020.01.13 17:42 B E:\Sunil\invention project\InventionReportApi\InventionReportApi\siteadmin_assets\js\demo_maps.js --> web-13.znetlive.in /uptindia/admin.invention.uptindia.com/wwwroot/siteadmin_assets/js demo_maps.js
2020.01.13 17:42 B E:\Sunil\invention project\InventionReportApi\InventionReportApi\siteadmin_assets\js\demo_tables.js --> web-13.znetlive.in /uptindia/admin.invention.uptindia.com/wwwroot/siteadmin_assets/js demo_tables.js
2020.01.13 17:42 B E:\Sunil\invention project\InventionReportApi\InventionReportApi\siteadmin_assets\js\demo_tasks.js --> web-13.znetlive.in /uptindia/admin.invention.uptindia.com/wwwroot/siteadmin_assets/js demo_tasks.js
2020.01.13 17:42 B E:\Sunil\invention project\InventionReportApi\InventionReportApi\siteadmin_assets\js\faq.js --> web-13.znetlive.in /uptindia/admin.invention.uptindia.com/wwwroot/siteadmin_assets/js faq.js
2020.01.13 17:42 B E:\Sunil\invention project\InventionReportApi\InventionReportApi\siteadmin_assets\js\plugins.js --> web-13.znetlive.in /uptindia/admin.invention.uptindia.com/wwwroot/siteadmin_assets/js plugins.js
2020.01.13 17:42 B E:\Sunil\invention project\InventionReportApi\InventionReportApi\siteadmin_assets\js\portlet.js --> web-13.znetlive.in /uptindia/admin.invention.uptindia.com/wwwroot/siteadmin_assets/js portlet.js
2020.01.13 17:42 B E:\Sunil\invention project\InventionReportApi\InventionReportApi\siteadmin_assets\js\settings.js --> web-13.znetlive.in /uptindia/admin.invention.uptindia.com/wwwroot/siteadmin_assets/js settings.js
