2021.12.30 16:11 B C:\Users\admin\source\repos\jobesto\jobesto\Areas\admin\Views\Shared\_Layout.cshtml --> web-13.znetlive.in /uptindia/jobesto.uptindia.com/wwwroot/Areas/admin/Views/Shared _Layout.cshtml
2021.12.30 16:11 B C:\Users\admin\source\repos\jobesto\jobesto\Areas\admin\Views\Shared\admin_css.cshtml --> web-13.znetlive.in /uptindia/jobesto.uptindia.com/wwwroot/Areas/admin/Views/Shared admin_css.cshtml
2021.12.30 16:11 B C:\Users\admin\source\repos\jobesto\jobesto\Areas\admin\Views\Shared\admin_js.cshtml --> web-13.znetlive.in /uptindia/jobesto.uptindia.com/wwwroot/Areas/admin/Views/Shared admin_js.cshtml
2021.12.30 16:11 B C:\Users\admin\source\repos\jobesto\jobesto\Areas\admin\Views\Shared\footer.cshtml --> web-13.znetlive.in /uptindia/jobesto.uptindia.com/wwwroot/Areas/admin/Views/Shared footer.cshtml
2021.12.30 16:11 B C:\Users\admin\source\repos\jobesto\jobesto\Areas\admin\Views\Shared\header.cshtml --> web-13.znetlive.in /uptindia/jobesto.uptindia.com/wwwroot/Areas/admin/Views/Shared header.cshtml
2021.12.30 16:11 B C:\Users\admin\source\repos\jobesto\jobesto\Areas\admin\Views\Shared\sidebar.cshtml --> web-13.znetlive.in /uptindia/jobesto.uptindia.com/wwwroot/Areas/admin/Views/Shared sidebar.cshtml
2021.12.30 16:17 B C:\Users\admin\source\repos\jobesto\jobesto\Areas\admin\Views\Shared\sidebar.cshtml --> web-13.znetlive.in /uptindia/jobesto.uptindia.com/wwwroot/Areas/admin/Views/Shared sidebar.cshtml
2022.01.04 12:43 B C:\Users\admin\source\repos\jobesto\jobesto\Areas\admin\Views\Shared\_Layout.cshtml --> web-13.znetlive.in /uptindia/jobesto.uptindia.com/wwwroot/Areas/admin/Views/Shared _Layout.cshtml
2022.01.04 12:43 B C:\Users\admin\source\repos\jobesto\jobesto\Areas\admin\Views\Shared\admin_css.cshtml --> web-13.znetlive.in /uptindia/jobesto.uptindia.com/wwwroot/Areas/admin/Views/Shared admin_css.cshtml
2022.01.04 12:43 B C:\Users\admin\source\repos\jobesto\jobesto\Areas\admin\Views\Shared\admin_js.cshtml --> web-13.znetlive.in /uptindia/jobesto.uptindia.com/wwwroot/Areas/admin/Views/Shared admin_js.cshtml
2022.01.04 12:43 B C:\Users\admin\source\repos\jobesto\jobesto\Areas\admin\Views\Shared\footer.cshtml --> web-13.znetlive.in /uptindia/jobesto.uptindia.com/wwwroot/Areas/admin/Views/Shared footer.cshtml
2022.01.04 12:43 B C:\Users\admin\source\repos\jobesto\jobesto\Areas\admin\Views\Shared\header.cshtml --> web-13.znetlive.in /uptindia/jobesto.uptindia.com/wwwroot/Areas/admin/Views/Shared header.cshtml
2022.01.04 12:43 B C:\Users\admin\source\repos\jobesto\jobesto\Areas\admin\Views\Shared\sidebar.cshtml --> web-13.znetlive.in /uptindia/jobesto.uptindia.com/wwwroot/Areas/admin/Views/Shared sidebar.cshtml
2022.01.29 17:56 B C:\Users\admin\source\repos\jobesto\jobesto\Areas\admin\Views\Shared\sidebar.cshtml --> web-13.znetlive.in /uptindia/jobesto.uptindia.com/wwwroot/Areas/admin/Views/Shared sidebar.cshtml
2022.02.01 17:22 B C:\Users\admin\source\repos\jobesto\jobesto\Areas\admin\Views\Shared\_Layout.cshtml --> web-13.znetlive.in /uptindia/jobesto.uptindia.com/wwwroot/Areas/admin/Views/Shared _Layout.cshtml
2022.02.01 17:22 B C:\Users\admin\source\repos\jobesto\jobesto\Areas\admin\Views\Shared\admin_css.cshtml --> web-13.znetlive.in /uptindia/jobesto.uptindia.com/wwwroot/Areas/admin/Views/Shared admin_css.cshtml
2022.02.01 17:22 B C:\Users\admin\source\repos\jobesto\jobesto\Areas\admin\Views\Shared\admin_js.cshtml --> web-13.znetlive.in /uptindia/jobesto.uptindia.com/wwwroot/Areas/admin/Views/Shared admin_js.cshtml
2022.02.01 17:22 B C:\Users\admin\source\repos\jobesto\jobesto\Areas\admin\Views\Shared\footer.cshtml --> web-13.znetlive.in /uptindia/jobesto.uptindia.com/wwwroot/Areas/admin/Views/Shared footer.cshtml
2022.02.01 17:22 B C:\Users\admin\source\repos\jobesto\jobesto\Areas\admin\Views\Shared\header.cshtml --> web-13.znetlive.in /uptindia/jobesto.uptindia.com/wwwroot/Areas/admin/Views/Shared header.cshtml
2022.02.01 17:22 B C:\Users\admin\source\repos\jobesto\jobesto\Areas\admin\Views\Shared\sidebar.cshtml --> web-13.znetlive.in /uptindia/jobesto.uptindia.com/wwwroot/Areas/admin/Views/Shared sidebar.cshtml
2022.02.05 11:27 B C:\Users\admin\source\repos\jobesto\jobesto\Areas\admin\Views\Shared\_Layout.cshtml --> web-13.znetlive.in /uptindia/jobesto.uptindia.com/wwwroot/Areas/admin/Views/Shared _Layout.cshtml
2022.02.05 11:27 B C:\Users\admin\source\repos\jobesto\jobesto\Areas\admin\Views\Shared\admin_css.cshtml --> web-13.znetlive.in /uptindia/jobesto.uptindia.com/wwwroot/Areas/admin/Views/Shared admin_css.cshtml
2022.02.05 11:27 B C:\Users\admin\source\repos\jobesto\jobesto\Areas\admin\Views\Shared\admin_js.cshtml --> web-13.znetlive.in /uptindia/jobesto.uptindia.com/wwwroot/Areas/admin/Views/Shared admin_js.cshtml
2022.02.05 11:27 B C:\Users\admin\source\repos\jobesto\jobesto\Areas\admin\Views\Shared\footer.cshtml --> web-13.znetlive.in /uptindia/jobesto.uptindia.com/wwwroot/Areas/admin/Views/Shared footer.cshtml
2022.02.05 11:27 B C:\Users\admin\source\repos\jobesto\jobesto\Areas\admin\Views\Shared\header.cshtml --> web-13.znetlive.in /uptindia/jobesto.uptindia.com/wwwroot/Areas/admin/Views/Shared header.cshtml
2022.02.05 11:27 B C:\Users\admin\source\repos\jobesto\jobesto\Areas\admin\Views\Shared\sidebar.cshtml --> web-13.znetlive.in /uptindia/jobesto.uptindia.com/wwwroot/Areas/admin/Views/Shared sidebar.cshtml
2022.02.18 17:56 B C:\Users\admin\source\repos\jobesto\jobesto\Areas\admin\Views\Shared\_Layout.cshtml --> web-13.znetlive.in /uptindia/jobesto.uptindia.com/wwwroot/Areas/admin/Views/Shared _Layout.cshtml
2022.02.18 17:56 B C:\Users\admin\source\repos\jobesto\jobesto\Areas\admin\Views\Shared\admin_css.cshtml --> web-13.znetlive.in /uptindia/jobesto.uptindia.com/wwwroot/Areas/admin/Views/Shared admin_css.cshtml
2022.02.18 17:56 B C:\Users\admin\source\repos\jobesto\jobesto\Areas\admin\Views\Shared\admin_js.cshtml --> web-13.znetlive.in /uptindia/jobesto.uptindia.com/wwwroot/Areas/admin/Views/Shared admin_js.cshtml
2022.02.18 17:56 B C:\Users\admin\source\repos\jobesto\jobesto\Areas\admin\Views\Shared\footer.cshtml --> web-13.znetlive.in /uptindia/jobesto.uptindia.com/wwwroot/Areas/admin/Views/Shared footer.cshtml
2022.02.18 17:56 B C:\Users\admin\source\repos\jobesto\jobesto\Areas\admin\Views\Shared\header.cshtml --> web-13.znetlive.in /uptindia/jobesto.uptindia.com/wwwroot/Areas/admin/Views/Shared header.cshtml
2022.02.18 17:56 B C:\Users\admin\source\repos\jobesto\jobesto\Areas\admin\Views\Shared\sidebar.cshtml --> web-13.znetlive.in /uptindia/jobesto.uptindia.com/wwwroot/Areas/admin/Views/Shared sidebar.cshtml
2022.03.21 13:21 B C:\Users\admin\source\repos\jobesto\jobesto\Areas\admin\Views\Shared\_Layout.cshtml --> web-13.znetlive.in /uptindia/jobesto.uptindia.com/wwwroot/Areas/admin/Views/Shared _Layout.cshtml
2022.03.21 13:21 B C:\Users\admin\source\repos\jobesto\jobesto\Areas\admin\Views\Shared\admin_css.cshtml --> web-13.znetlive.in /uptindia/jobesto.uptindia.com/wwwroot/Areas/admin/Views/Shared admin_css.cshtml
2022.03.21 13:21 B C:\Users\admin\source\repos\jobesto\jobesto\Areas\admin\Views\Shared\admin_js.cshtml --> web-13.znetlive.in /uptindia/jobesto.uptindia.com/wwwroot/Areas/admin/Views/Shared admin_js.cshtml
2022.03.21 13:21 B C:\Users\admin\source\repos\jobesto\jobesto\Areas\admin\Views\Shared\footer.cshtml --> web-13.znetlive.in /uptindia/jobesto.uptindia.com/wwwroot/Areas/admin/Views/Shared footer.cshtml
2022.03.21 13:21 B C:\Users\admin\source\repos\jobesto\jobesto\Areas\admin\Views\Shared\header.cshtml --> web-13.znetlive.in /uptindia/jobesto.uptindia.com/wwwroot/Areas/admin/Views/Shared header.cshtml
2022.03.21 13:21 B C:\Users\admin\source\repos\jobesto\jobesto\Areas\admin\Views\Shared\sidebar.cshtml --> web-13.znetlive.in /uptindia/jobesto.uptindia.com/wwwroot/Areas/admin/Views/Shared sidebar.cshtml
2022.08.13 16:44 B E:\Amruta Bakale\Jobesto\28-06-2022\jobesto\jobesto\Areas\admin\Views\Shared\_Layout.cshtml --> 107.180.46.188 /httpdocs/Areas/admin/Views/Shared _Layout.cshtml
2022.08.13 16:44 B E:\Amruta Bakale\Jobesto\28-06-2022\jobesto\jobesto\Areas\admin\Views\Shared\admin_css.cshtml --> 107.180.46.188 /httpdocs/Areas/admin/Views/Shared admin_css.cshtml
2022.08.13 16:44 B E:\Amruta Bakale\Jobesto\28-06-2022\jobesto\jobesto\Areas\admin\Views\Shared\admin_js.cshtml --> 107.180.46.188 /httpdocs/Areas/admin/Views/Shared admin_js.cshtml
2022.08.13 16:44 B E:\Amruta Bakale\Jobesto\28-06-2022\jobesto\jobesto\Areas\admin\Views\Shared\footer.cshtml --> 107.180.46.188 /httpdocs/Areas/admin/Views/Shared footer.cshtml
2022.08.13 16:44 B E:\Amruta Bakale\Jobesto\28-06-2022\jobesto\jobesto\Areas\admin\Views\Shared\header.cshtml --> 107.180.46.188 /httpdocs/Areas/admin/Views/Shared header.cshtml
2022.08.13 16:44 B E:\Amruta Bakale\Jobesto\28-06-2022\jobesto\jobesto\Areas\admin\Views\Shared\sidebar.cshtml --> 107.180.46.188 /httpdocs/Areas/admin/Views/Shared sidebar.cshtml
