2018.09.11 16:22 B C:\Users\AALPHA\Desktop\testproject\Motorshop\Motorshop\siteadmin_assets\tinymce\plugins\emoticons\img\smiley-cool.gif --> web-13.znetlive.in /Newmotor/siteadmin_assets/tinymce/plugins/emoticons/img smiley-cool.gif
2018.09.11 16:23 B C:\Users\AALPHA\Desktop\testproject\Motorshop\Motorshop\siteadmin_assets\tinymce\plugins\emoticons\img\smiley-cry.gif --> web-13.znetlive.in /Newmotor/siteadmin_assets/tinymce/plugins/emoticons/img smiley-cry.gif
2018.09.11 16:23 B C:\Users\AALPHA\Desktop\testproject\Motorshop\Motorshop\siteadmin_assets\tinymce\plugins\emoticons\img\smiley-embarassed.gif --> web-13.znetlive.in /Newmotor/siteadmin_assets/tinymce/plugins/emoticons/img smiley-embarassed.gif
2018.09.11 16:23 B C:\Users\AALPHA\Desktop\testproject\Motorshop\Motorshop\siteadmin_assets\tinymce\plugins\emoticons\img\smiley-foot-in-mouth.gif --> web-13.znetlive.in /Newmotor/siteadmin_assets/tinymce/plugins/emoticons/img smiley-foot-in-mouth.gif
2018.09.11 16:23 B C:\Users\AALPHA\Desktop\testproject\Motorshop\Motorshop\siteadmin_assets\tinymce\plugins\emoticons\img\smiley-frown.gif --> web-13.znetlive.in /Newmotor/siteadmin_assets/tinymce/plugins/emoticons/img smiley-frown.gif
2018.09.11 16:23 B C:\Users\AALPHA\Desktop\testproject\Motorshop\Motorshop\siteadmin_assets\tinymce\plugins\emoticons\img\smiley-innocent.gif --> web-13.znetlive.in /Newmotor/siteadmin_assets/tinymce/plugins/emoticons/img smiley-innocent.gif
2018.09.11 16:23 B C:\Users\AALPHA\Desktop\testproject\Motorshop\Motorshop\siteadmin_assets\tinymce\plugins\emoticons\img\smiley-kiss.gif --> web-13.znetlive.in /Newmotor/siteadmin_assets/tinymce/plugins/emoticons/img smiley-kiss.gif
2018.09.11 16:23 B C:\Users\AALPHA\Desktop\testproject\Motorshop\Motorshop\siteadmin_assets\tinymce\plugins\emoticons\img\smiley-laughing.gif --> web-13.znetlive.in /Newmotor/siteadmin_assets/tinymce/plugins/emoticons/img smiley-laughing.gif
2018.09.11 16:23 B C:\Users\AALPHA\Desktop\testproject\Motorshop\Motorshop\siteadmin_assets\tinymce\plugins\emoticons\img\smiley-money-mouth.gif --> web-13.znetlive.in /Newmotor/siteadmin_assets/tinymce/plugins/emoticons/img smiley-money-mouth.gif
2018.09.11 16:23 B C:\Users\AALPHA\Desktop\testproject\Motorshop\Motorshop\siteadmin_assets\tinymce\plugins\emoticons\img\smiley-sealed.gif --> web-13.znetlive.in /Newmotor/siteadmin_assets/tinymce/plugins/emoticons/img smiley-sealed.gif
2018.09.11 16:23 B C:\Users\AALPHA\Desktop\testproject\Motorshop\Motorshop\siteadmin_assets\tinymce\plugins\emoticons\img\smiley-smile.gif --> web-13.znetlive.in /Newmotor/siteadmin_assets/tinymce/plugins/emoticons/img smiley-smile.gif
2018.09.11 16:23 B C:\Users\AALPHA\Desktop\testproject\Motorshop\Motorshop\siteadmin_assets\tinymce\plugins\emoticons\img\smiley-surprised.gif --> web-13.znetlive.in /Newmotor/siteadmin_assets/tinymce/plugins/emoticons/img smiley-surprised.gif
2018.09.11 16:23 B C:\Users\AALPHA\Desktop\testproject\Motorshop\Motorshop\siteadmin_assets\tinymce\plugins\emoticons\img\smiley-tongue-out.gif --> web-13.znetlive.in /Newmotor/siteadmin_assets/tinymce/plugins/emoticons/img smiley-tongue-out.gif
2018.09.11 16:23 B C:\Users\AALPHA\Desktop\testproject\Motorshop\Motorshop\siteadmin_assets\tinymce\plugins\emoticons\img\smiley-undecided.gif --> web-13.znetlive.in /Newmotor/siteadmin_assets/tinymce/plugins/emoticons/img smiley-undecided.gif
2018.09.11 16:23 B C:\Users\AALPHA\Desktop\testproject\Motorshop\Motorshop\siteadmin_assets\tinymce\plugins\emoticons\img\smiley-wink.gif --> web-13.znetlive.in /Newmotor/siteadmin_assets/tinymce/plugins/emoticons/img smiley-wink.gif
2018.09.11 16:23 B C:\Users\AALPHA\Desktop\testproject\Motorshop\Motorshop\siteadmin_assets\tinymce\plugins\emoticons\img\smiley-yell.gif --> web-13.znetlive.in /Newmotor/siteadmin_assets/tinymce/plugins/emoticons/img smiley-yell.gif
2019.09.23 16:37 B D:\sunil\Bebeirut\Bebeirut\siteadmin_assets\tinymce\plugins\emoticons\img\smiley-cool.gif --> web-13.znetlive.in /uptindia/bebeirut.uptindia.com/wwwroot/siteadmin_assets/tinymce/plugins/emoticons/img smiley-cool.gif
2019.09.23 16:37 B D:\sunil\Bebeirut\Bebeirut\siteadmin_assets\tinymce\plugins\emoticons\img\smiley-cry.gif --> web-13.znetlive.in /uptindia/bebeirut.uptindia.com/wwwroot/siteadmin_assets/tinymce/plugins/emoticons/img smiley-cry.gif
2019.09.23 16:37 B D:\sunil\Bebeirut\Bebeirut\siteadmin_assets\tinymce\plugins\emoticons\img\smiley-embarassed.gif --> web-13.znetlive.in /uptindia/bebeirut.uptindia.com/wwwroot/siteadmin_assets/tinymce/plugins/emoticons/img smiley-embarassed.gif
2019.09.23 16:37 B D:\sunil\Bebeirut\Bebeirut\siteadmin_assets\tinymce\plugins\emoticons\img\smiley-foot-in-mouth.gif --> web-13.znetlive.in /uptindia/bebeirut.uptindia.com/wwwroot/siteadmin_assets/tinymce/plugins/emoticons/img smiley-foot-in-mouth.gif
2019.09.23 16:37 B D:\sunil\Bebeirut\Bebeirut\siteadmin_assets\tinymce\plugins\emoticons\img\smiley-frown.gif --> web-13.znetlive.in /uptindia/bebeirut.uptindia.com/wwwroot/siteadmin_assets/tinymce/plugins/emoticons/img smiley-frown.gif
2019.09.23 16:37 B D:\sunil\Bebeirut\Bebeirut\siteadmin_assets\tinymce\plugins\emoticons\img\smiley-innocent.gif --> web-13.znetlive.in /uptindia/bebeirut.uptindia.com/wwwroot/siteadmin_assets/tinymce/plugins/emoticons/img smiley-innocent.gif
2019.09.23 16:37 B D:\sunil\Bebeirut\Bebeirut\siteadmin_assets\tinymce\plugins\emoticons\img\smiley-kiss.gif --> web-13.znetlive.in /uptindia/bebeirut.uptindia.com/wwwroot/siteadmin_assets/tinymce/plugins/emoticons/img smiley-kiss.gif
2019.09.23 16:37 B D:\sunil\Bebeirut\Bebeirut\siteadmin_assets\tinymce\plugins\emoticons\img\smiley-laughing.gif --> web-13.znetlive.in /uptindia/bebeirut.uptindia.com/wwwroot/siteadmin_assets/tinymce/plugins/emoticons/img smiley-laughing.gif
2019.09.23 16:37 B D:\sunil\Bebeirut\Bebeirut\siteadmin_assets\tinymce\plugins\emoticons\img\smiley-money-mouth.gif --> web-13.znetlive.in /uptindia/bebeirut.uptindia.com/wwwroot/siteadmin_assets/tinymce/plugins/emoticons/img smiley-money-mouth.gif
2019.09.23 16:37 B D:\sunil\Bebeirut\Bebeirut\siteadmin_assets\tinymce\plugins\emoticons\img\smiley-sealed.gif --> web-13.znetlive.in /uptindia/bebeirut.uptindia.com/wwwroot/siteadmin_assets/tinymce/plugins/emoticons/img smiley-sealed.gif
2019.09.23 16:37 B D:\sunil\Bebeirut\Bebeirut\siteadmin_assets\tinymce\plugins\emoticons\img\smiley-smile.gif --> web-13.znetlive.in /uptindia/bebeirut.uptindia.com/wwwroot/siteadmin_assets/tinymce/plugins/emoticons/img smiley-smile.gif
2019.09.23 16:37 B D:\sunil\Bebeirut\Bebeirut\siteadmin_assets\tinymce\plugins\emoticons\img\smiley-surprised.gif --> web-13.znetlive.in /uptindia/bebeirut.uptindia.com/wwwroot/siteadmin_assets/tinymce/plugins/emoticons/img smiley-surprised.gif
2019.09.23 16:37 B D:\sunil\Bebeirut\Bebeirut\siteadmin_assets\tinymce\plugins\emoticons\img\smiley-tongue-out.gif --> web-13.znetlive.in /uptindia/bebeirut.uptindia.com/wwwroot/siteadmin_assets/tinymce/plugins/emoticons/img smiley-tongue-out.gif
2019.09.23 16:37 B D:\sunil\Bebeirut\Bebeirut\siteadmin_assets\tinymce\plugins\emoticons\img\smiley-undecided.gif --> web-13.znetlive.in /uptindia/bebeirut.uptindia.com/wwwroot/siteadmin_assets/tinymce/plugins/emoticons/img smiley-undecided.gif
2019.09.23 16:37 B D:\sunil\Bebeirut\Bebeirut\siteadmin_assets\tinymce\plugins\emoticons\img\smiley-wink.gif --> web-13.znetlive.in /uptindia/bebeirut.uptindia.com/wwwroot/siteadmin_assets/tinymce/plugins/emoticons/img smiley-wink.gif
2019.09.23 16:37 B D:\sunil\Bebeirut\Bebeirut\siteadmin_assets\tinymce\plugins\emoticons\img\smiley-yell.gif --> web-13.znetlive.in /uptindia/bebeirut.uptindia.com/wwwroot/siteadmin_assets/tinymce/plugins/emoticons/img smiley-yell.gif
2019.09.23 16:37 B D:\sunil\Bebeirut\Bebeirut\siteadmin_assets\tinymce\plugins\emoticons\img\WS_FTP.LOG --> web-13.znetlive.in /uptindia/bebeirut.uptindia.com/wwwroot/siteadmin_assets/tinymce/plugins/emoticons/img WS_FTP.LOG
