2016.09.15 11:03 B E:\MANICKAM\server\manickam\manickam\siteadmin_assets\js\plugins\jquery\jquery-2.1.1.min.map --> 49.50.71.212 /www.eclinix.in/wwwroot/siteadmin_assets/js/plugins/jquery jquery-2.1.1.min.map
2016.09.15 11:03 B E:\MANICKAM\server\manickam\manickam\siteadmin_assets\js\plugins\jquery\jquery-migrate.min.js --> 49.50.71.212 /www.eclinix.in/wwwroot/siteadmin_assets/js/plugins/jquery jquery-migrate.min.js
2016.09.15 11:03 B E:\MANICKAM\server\manickam\manickam\siteadmin_assets\js\plugins\jquery\jquery-ui.min.js --> 49.50.71.212 /www.eclinix.in/wwwroot/siteadmin_assets/js/plugins/jquery jquery-ui.min.js
2016.09.15 11:03 B E:\MANICKAM\server\manickam\manickam\siteadmin_assets\js\plugins\jquery\jquery.min.js --> 49.50.71.212 /www.eclinix.in/wwwroot/siteadmin_assets/js/plugins/jquery jquery.min.js
2016.12.21 14:50 B D:\Raj\Projects\DentalClinick Main\DentalClinic\DentalClinic\siteadmin_assets\js\plugins\jquery\jquery-2.1.1.min.map --> web-13.znetlive.in /MusicSite/siteadmin_assets/js/plugins/jquery jquery-2.1.1.min.map
2016.12.21 14:50 B D:\Raj\Projects\DentalClinick Main\DentalClinic\DentalClinic\siteadmin_assets\js\plugins\jquery\jquery-migrate.min.js --> web-13.znetlive.in /MusicSite/siteadmin_assets/js/plugins/jquery jquery-migrate.min.js
2016.12.21 14:50 B D:\Raj\Projects\DentalClinick Main\DentalClinic\DentalClinic\siteadmin_assets\js\plugins\jquery\jquery-ui.min.js --> web-13.znetlive.in /MusicSite/siteadmin_assets/js/plugins/jquery jquery-ui.min.js
2016.12.21 14:50 B D:\Raj\Projects\DentalClinick Main\DentalClinic\DentalClinic\siteadmin_assets\js\plugins\jquery\jquery.min.js --> web-13.znetlive.in /MusicSite/siteadmin_assets/js/plugins/jquery jquery.min.js
2016.12.21 14:50 B D:\Raj\Projects\DentalClinick Main\DentalClinic\DentalClinic\siteadmin_assets\js\plugins\jquery\WS_FTP.LOG --> web-13.znetlive.in /MusicSite/siteadmin_assets/js/plugins/jquery WS_FTP.LOG
2017.07.25 17:54 B D:\Akshay\SparesWorldNew\SparesWorld\siteadmin_assets\js\plugins\jquery\jquery-2.1.1.min.map --> web-13.znetlive.in /Sparesworld/siteadmin_assets/js/plugins/jquery jquery-2.1.1.min.map
2017.07.25 17:54 B D:\Akshay\SparesWorldNew\SparesWorld\siteadmin_assets\js\plugins\jquery\jquery-migrate.min.js --> web-13.znetlive.in /Sparesworld/siteadmin_assets/js/plugins/jquery jquery-migrate.min.js
2017.07.25 17:54 B D:\Akshay\SparesWorldNew\SparesWorld\siteadmin_assets\js\plugins\jquery\jquery-ui.min.js --> web-13.znetlive.in /Sparesworld/siteadmin_assets/js/plugins/jquery jquery-ui.min.js
2017.07.25 17:54 B D:\Akshay\SparesWorldNew\SparesWorld\siteadmin_assets\js\plugins\jquery\jquery.min.js --> web-13.znetlive.in /Sparesworld/siteadmin_assets/js/plugins/jquery jquery.min.js
2017.07.25 17:54 B D:\Akshay\SparesWorldNew\SparesWorld\siteadmin_assets\js\plugins\jquery\WS_FTP.LOG --> web-13.znetlive.in /Sparesworld/siteadmin_assets/js/plugins/jquery WS_FTP.LOG
2019.09.20 13:10 B D:\sunil\Bebeirut\Bebeirut\siteadmin_assets\js\plugins\jquery\jquery-2.1.1.min.map --> web-13.znetlive.in /uptindia/bebeirut.uptindia.com/wwwroot/siteadmin_assets/js/plugins/jquery jquery-2.1.1.min.map
2019.09.20 13:10 B D:\sunil\Bebeirut\Bebeirut\siteadmin_assets\js\plugins\jquery\jquery-migrate.min.js --> web-13.znetlive.in /uptindia/bebeirut.uptindia.com/wwwroot/siteadmin_assets/js/plugins/jquery jquery-migrate.min.js
2019.09.20 13:10 B D:\sunil\Bebeirut\Bebeirut\siteadmin_assets\js\plugins\jquery\jquery-ui.min.js --> web-13.znetlive.in /uptindia/bebeirut.uptindia.com/wwwroot/siteadmin_assets/js/plugins/jquery jquery-ui.min.js
2019.09.20 13:10 B D:\sunil\Bebeirut\Bebeirut\siteadmin_assets\js\plugins\jquery\jquery.min.js --> web-13.znetlive.in /uptindia/bebeirut.uptindia.com/wwwroot/siteadmin_assets/js/plugins/jquery jquery.min.js
2019.09.20 13:10 B D:\sunil\Bebeirut\Bebeirut\siteadmin_assets\js\plugins\jquery\WS_FTP.LOG --> web-13.znetlive.in /uptindia/bebeirut.uptindia.com/wwwroot/siteadmin_assets/js/plugins/jquery WS_FTP.LOG
2020.01.13 17:30 B E:\Sunil\invention project\InventionReportApi\InventionReportApi\siteadmin_assets\js\plugins\jquery\jquery-2.1.1.min.map --> web-13.znetlive.in /uptindia/admin.invention.uptindia.com/wwwroot/siteadmin_assets/js/plugins/jquery jquery-2.1.1.min.map
2020.01.13 17:30 B E:\Sunil\invention project\InventionReportApi\InventionReportApi\siteadmin_assets\js\plugins\jquery\jquery-migrate.min.js --> web-13.znetlive.in /uptindia/admin.invention.uptindia.com/wwwroot/siteadmin_assets/js/plugins/jquery jquery-migrate.min.js
2020.01.13 17:30 B E:\Sunil\invention project\InventionReportApi\InventionReportApi\siteadmin_assets\js\plugins\jquery\jquery-ui.min.js --> web-13.znetlive.in /uptindia/admin.invention.uptindia.com/wwwroot/siteadmin_assets/js/plugins/jquery jquery-ui.min.js
2020.01.13 17:30 B E:\Sunil\invention project\InventionReportApi\InventionReportApi\siteadmin_assets\js\plugins\jquery\jquery.min.js --> web-13.znetlive.in /uptindia/admin.invention.uptindia.com/wwwroot/siteadmin_assets/js/plugins/jquery jquery.min.js
2020.01.13 17:30 B E:\Sunil\invention project\InventionReportApi\InventionReportApi\siteadmin_assets\js\plugins\jquery\WS_FTP.LOG --> web-13.znetlive.in /uptindia/admin.invention.uptindia.com/wwwroot/siteadmin_assets/js/plugins/jquery WS_FTP.LOG
