2016.09.15 10:53 B E:\MANICKAM\server\manickam\manickam\siteadmin_assets\js\plugins\codemirror\mode\css\css.js --> 49.50.71.212 /www.eclinix.in/wwwroot/siteadmin_assets/js/plugins/codemirror/mode/css css.js
2016.09.15 10:53 B E:\MANICKAM\server\manickam\manickam\siteadmin_assets\js\plugins\codemirror\mode\css\less_test.js --> 49.50.71.212 /www.eclinix.in/wwwroot/siteadmin_assets/js/plugins/codemirror/mode/css less_test.js
2016.09.15 10:53 B E:\MANICKAM\server\manickam\manickam\siteadmin_assets\js\plugins\codemirror\mode\css\scss_test.js --> 49.50.71.212 /www.eclinix.in/wwwroot/siteadmin_assets/js/plugins/codemirror/mode/css scss_test.js
2016.09.15 10:53 B E:\MANICKAM\server\manickam\manickam\siteadmin_assets\js\plugins\codemirror\mode\css\test.js --> 49.50.71.212 /www.eclinix.in/wwwroot/siteadmin_assets/js/plugins/codemirror/mode/css test.js
2016.12.21 14:34 B D:\Raj\Projects\DentalClinick Main\DentalClinic\DentalClinic\siteadmin_assets\js\plugins\codemirror\mode\css\css.js --> web-13.znetlive.in /MusicSite/siteadmin_assets/js/plugins/codemirror/mode/css css.js
2016.12.21 14:34 B D:\Raj\Projects\DentalClinick Main\DentalClinic\DentalClinic\siteadmin_assets\js\plugins\codemirror\mode\css\less_test.js --> web-13.znetlive.in /MusicSite/siteadmin_assets/js/plugins/codemirror/mode/css less_test.js
2016.12.21 14:34 B D:\Raj\Projects\DentalClinick Main\DentalClinic\DentalClinic\siteadmin_assets\js\plugins\codemirror\mode\css\scss_test.js --> web-13.znetlive.in /MusicSite/siteadmin_assets/js/plugins/codemirror/mode/css scss_test.js
2016.12.21 14:34 B D:\Raj\Projects\DentalClinick Main\DentalClinic\DentalClinic\siteadmin_assets\js\plugins\codemirror\mode\css\test.js --> web-13.znetlive.in /MusicSite/siteadmin_assets/js/plugins/codemirror/mode/css test.js
2016.12.21 14:34 B D:\Raj\Projects\DentalClinick Main\DentalClinic\DentalClinic\siteadmin_assets\js\plugins\codemirror\mode\css\WS_FTP.LOG --> web-13.znetlive.in /MusicSite/siteadmin_assets/js/plugins/codemirror/mode/css WS_FTP.LOG
2017.07.25 17:47 B D:\Akshay\SparesWorldNew\SparesWorld\siteadmin_assets\js\plugins\codemirror\mode\css\css.js --> web-13.znetlive.in /Sparesworld/siteadmin_assets/js/plugins/codemirror/mode/css css.js
2017.07.25 17:47 B D:\Akshay\SparesWorldNew\SparesWorld\siteadmin_assets\js\plugins\codemirror\mode\css\less_test.js --> web-13.znetlive.in /Sparesworld/siteadmin_assets/js/plugins/codemirror/mode/css less_test.js
2017.07.25 17:47 B D:\Akshay\SparesWorldNew\SparesWorld\siteadmin_assets\js\plugins\codemirror\mode\css\scss_test.js --> web-13.znetlive.in /Sparesworld/siteadmin_assets/js/plugins/codemirror/mode/css scss_test.js
2017.07.25 17:47 B D:\Akshay\SparesWorldNew\SparesWorld\siteadmin_assets\js\plugins\codemirror\mode\css\test.js --> web-13.znetlive.in /Sparesworld/siteadmin_assets/js/plugins/codemirror/mode/css test.js
2017.07.25 17:47 B D:\Akshay\SparesWorldNew\SparesWorld\siteadmin_assets\js\plugins\codemirror\mode\css\WS_FTP.LOG --> web-13.znetlive.in /Sparesworld/siteadmin_assets/js/plugins/codemirror/mode/css WS_FTP.LOG
2019.09.20 13:07 B D:\sunil\Bebeirut\Bebeirut\siteadmin_assets\js\plugins\codemirror\mode\css\css.js --> web-13.znetlive.in /uptindia/bebeirut.uptindia.com/wwwroot/siteadmin_assets/js/plugins/codemirror/mode/css css.js
2019.09.20 13:07 B D:\sunil\Bebeirut\Bebeirut\siteadmin_assets\js\plugins\codemirror\mode\css\less_test.js --> web-13.znetlive.in /uptindia/bebeirut.uptindia.com/wwwroot/siteadmin_assets/js/plugins/codemirror/mode/css less_test.js
2019.09.20 13:07 B D:\sunil\Bebeirut\Bebeirut\siteadmin_assets\js\plugins\codemirror\mode\css\scss_test.js --> web-13.znetlive.in /uptindia/bebeirut.uptindia.com/wwwroot/siteadmin_assets/js/plugins/codemirror/mode/css scss_test.js
2019.09.20 13:07 B D:\sunil\Bebeirut\Bebeirut\siteadmin_assets\js\plugins\codemirror\mode\css\test.js --> web-13.znetlive.in /uptindia/bebeirut.uptindia.com/wwwroot/siteadmin_assets/js/plugins/codemirror/mode/css test.js
2019.09.20 13:07 B D:\sunil\Bebeirut\Bebeirut\siteadmin_assets\js\plugins\codemirror\mode\css\WS_FTP.LOG --> web-13.znetlive.in /uptindia/bebeirut.uptindia.com/wwwroot/siteadmin_assets/js/plugins/codemirror/mode/css WS_FTP.LOG
2020.01.13 16:37 B E:\Sunil\invention project\InventionReportApi\InventionReportApi\siteadmin_assets\js\plugins\codemirror\mode\css\css.js --> web-13.znetlive.in /uptindia/admin.invention.uptindia.com/wwwroot/siteadmin_assets/js/plugins/codemirror/mode/css css.js
2020.01.13 16:37 B E:\Sunil\invention project\InventionReportApi\InventionReportApi\siteadmin_assets\js\plugins\codemirror\mode\css\less_test.js --> web-13.znetlive.in /uptindia/admin.invention.uptindia.com/wwwroot/siteadmin_assets/js/plugins/codemirror/mode/css less_test.js
2020.01.13 16:38 B E:\Sunil\invention project\InventionReportApi\InventionReportApi\siteadmin_assets\js\plugins\codemirror\mode\css\scss_test.js --> web-13.znetlive.in /uptindia/admin.invention.uptindia.com/wwwroot/siteadmin_assets/js/plugins/codemirror/mode/css scss_test.js
2020.01.13 16:38 B E:\Sunil\invention project\InventionReportApi\InventionReportApi\siteadmin_assets\js\plugins\codemirror\mode\css\test.js --> web-13.znetlive.in /uptindia/admin.invention.uptindia.com/wwwroot/siteadmin_assets/js/plugins/codemirror/mode/css test.js
2020.01.13 16:38 B E:\Sunil\invention project\InventionReportApi\InventionReportApi\siteadmin_assets\js\plugins\codemirror\mode\css\WS_FTP.LOG --> web-13.znetlive.in /uptindia/admin.invention.uptindia.com/wwwroot/siteadmin_assets/js/plugins/codemirror/mode/css WS_FTP.LOG
